Component: ARM Compiler 6.14 Tool: armlink [5db06800]

==============================================================================

Section Cross References

    startup_stm32l476xx.o(STACK) refers (Special) to heapauxi.o(.text) for __use_two_region_memory
    startup_stm32l476xx.o(HEAP) refers (Special) to heapauxi.o(.text) for __use_two_region_memory
    startup_stm32l476xx.o(RESET) refers (Special) to heapauxi.o(.text) for __use_two_region_memory
    startup_stm32l476xx.o(RESET) refers to startup_stm32l476xx.o(STACK) for __initial_sp
    startup_stm32l476xx.o(RESET) refers to startup_stm32l476xx.o(.text) for Reset_Handler
    startup_stm32l476xx.o(RESET) refers to stm32l4xx_it.o(.text.NMI_Handler) for NMI_Handler
    startup_stm32l476xx.o(RESET) refers to stm32l4xx_it.o(.text.HardFault_Handler) for HardFault_Handler
    startup_stm32l476xx.o(RESET) refers to stm32l4xx_it.o(.text.MemManage_Handler) for MemManage_Handler
    startup_stm32l476xx.o(RESET) refers to stm32l4xx_it.o(.text.BusFault_Handler) for BusFault_Handler
    startup_stm32l476xx.o(RESET) refers to stm32l4xx_it.o(.text.UsageFault_Handler) for UsageFault_Handler
    startup_stm32l476xx.o(RESET) refers to stm32l4xx_it.o(.text.SVC_Handler) for SVC_Handler
    startup_stm32l476xx.o(RESET) refers to stm32l4xx_it.o(.text.DebugMon_Handler) for DebugMon_Handler
    startup_stm32l476xx.o(RESET) refers to stm32l4xx_it.o(.text.PendSV_Handler) for PendSV_Handler
    startup_stm32l476xx.o(RESET) refers to stm32l4xx_it.o(.text.SysTick_Handler) for SysTick_Handler
    startup_stm32l476xx.o(RESET) refers to stm32l4xx_it.o(.text.EXTI0_IRQHandler) for EXTI0_IRQHandler
    startup_stm32l476xx.o(RESET) refers to stm32l4xx_it.o(.text.DMA1_Channel5_IRQHandler) for DMA1_Channel5_IRQHandler
    startup_stm32l476xx.o(RESET) refers to stm32l4xx_it.o(.text.DMA1_Channel6_IRQHandler) for DMA1_Channel6_IRQHandler
    startup_stm32l476xx.o(RESET) refers to stm32l4xx_it.o(.text.EXTI9_5_IRQHandler) for EXTI9_5_IRQHandler
    startup_stm32l476xx.o(RESET) refers to stm32l4xx_it.o(.text.USART1_IRQHandler) for USART1_IRQHandler
    startup_stm32l476xx.o(RESET) refers to stm32l4xx_it.o(.text.USART2_IRQHandler) for USART2_IRQHandler
    startup_stm32l476xx.o(RESET) refers to stm32l4xx_it.o(.text.EXTI15_10_IRQHandler) for EXTI15_10_IRQHandler
    startup_stm32l476xx.o(RESET) refers to stm32l4xx_it.o(.text.DMA2_Channel7_IRQHandler) for DMA2_Channel7_IRQHandler
    startup_stm32l476xx.o(RESET) refers to stm32l4xx_it.o(.text.LPUART1_IRQHandler) for LPUART1_IRQHandler
    startup_stm32l476xx.o(.text) refers (Special) to heapauxi.o(.text) for __use_two_region_memory
    startup_stm32l476xx.o(.text) refers to system_stm32l4xx.o(.text.SystemInit) for SystemInit
    startup_stm32l476xx.o(.text) refers to __main.o(!!!main) for __main
    startup_stm32l476xx.o(.text) refers to startup_stm32l476xx.o(HEAP) for Heap_Mem
    startup_stm32l476xx.o(.text) refers to startup_stm32l476xx.o(STACK) for Stack_Mem
    main.o(.text.main) refers to stm32l4xx_hal.o(.text.HAL_Init) for HAL_Init
    main.o(.text.main) refers to main.o(.text.SystemClock_Config) for SystemClock_Config
    main.o(.text.main) refers to gpio.o(.text.MX_GPIO_Init) for MX_GPIO_Init
    main.o(.text.main) refers to dma.o(.text.MX_DMA_Init) for MX_DMA_Init
    main.o(.text.main) refers to usart.o(.text.MX_LPUART1_UART_Init) for MX_LPUART1_UART_Init
    main.o(.text.main) refers to usart.o(.text.MX_USART1_UART_Init) for MX_USART1_UART_Init
    main.o(.text.main) refers to usart.o(.text.MX_USART2_UART_Init) for MX_USART2_UART_Init
    main.o(.text.main) refers to tim.o(.text.MX_TIM6_Init) for MX_TIM6_Init
    main.o(.text.main) refers to rtc.o(.text.MX_RTC_Init) for MX_RTC_Init
    main.o(.text.main) refers to tim.o(.text.MX_TIM15_Init) for MX_TIM15_Init
    main.o(.text.main) refers to i2c.o(.text.MX_I2C1_Init) for MX_I2C1_Init
    main.o(.text.main) refers to stm32l4xx_hal.o(.text.HAL_Delay) for HAL_Delay
    main.o(.text.main) refers to usart.o(.text.LPUART1_Clear_IT) for LPUART1_Clear_IT
    main.o(.text.main) refers to usart.o(.text.USART2_Clear_IT) for USART2_Clear_IT
    main.o(.text.main) refers to hdc1000.o(.text.HDC1000_Init) for HDC1000_Init
    main.o(.text.main) refers to opt3001.o(.text.OPT3001_Init) for OPT3001_Init
    main.o(.text.main) refers to mpl3115.o(.text.MPL3115_Init) for MPL3115_Init
    main.o(.text.main) refers to mma8451.o(.text.MMA8451_Init) for MMA8451_Init
    main.o(.text.main) refers to lorawan_node_driver.o(.text.Node_Hard_Reset) for Node_Hard_Reset
    main.o(.text.main) refers to app.o(.text.LoRaWAN_Borad_Info_Print) for LoRaWAN_Borad_Info_Print
    main.o(.text.main) refers to app.o(.text.LoRaWAN_Func_Process) for LoRaWAN_Func_Process
    main.o(.ARM.exidx.text.main) refers to main.o(.text.main) for [Anonymous Symbol]
    main.o(.text.SystemClock_Config) refers to rt_memclr_w.o(.text) for __aeabi_memclr4
[...]
    __rt_exit_exit                           0x080002d5   Thumb Code     0  rtexit2.o(.ARM.Collect$$rtexit$$00000004)
    Reset_Handler                            0x080002dd   Thumb Code     8  startup_stm32l476xx.o(.text)
    ADC1_2_IRQHandler                        0x080002f7   Thumb Code     0  startup_stm32l476xx.o(.text)
    ADC3_IRQHandler                          0x080002f7   Thumb Code     0  startup_stm32l476xx.o(.text)
    CAN1_RX0_IRQHandler                      0x080002f7   Thumb Code     0  startup_stm32l476xx.o(.text)
    CAN1_RX1_IRQHandler                      0x080002f7   Thumb Code     0  startup_stm32l476xx.o(.text)
    CAN1_SCE_IRQHandler                      0x080002f7   Thumb Code     0  startup_stm32l476xx.o(.text)
    CAN1_TX_IRQHandler                       0x080002f7   Thumb Code     0  startup_stm32l476xx.o(.text)
    COMP_IRQHandler                          0x080002f7   Thumb Code     0  startup_stm32l476xx.o(.text)
    DFSDM1_FLT0_IRQHandler                   0x080002f7   Thumb Code     0  startup_stm32l476xx.o(.text)
    DFSDM1_FLT1_IRQHandler                   0x080002f7   Thumb Code     0  startup_stm32l476xx.o(.text)
    DFSDM1_FLT2_IRQHandler                   0x080002f7   Thumb Code     0  startup_stm32l476xx.o(.text)
    DFSDM1_FLT3_IRQHandler                   0x080002f7   Thumb Code     0  startup_stm32l476xx.o(.text)
    DMA1_Channel1_IRQHandler                 0x080002f7   Thumb Code     0  startup_stm32l476xx.o(.text)
    DMA1_Channel2_IRQHandler                 0x080002f7   Thumb Code     0  startup_stm32l476xx.o(.text)
    DMA1_Channel3_IRQHandler                 0x080002f7   Thumb Code     0  startup_stm32l476xx.o(.text)
    DMA1_Channel4_IRQHandler                 0x080002f7   Thumb Code     0  startup_stm32l476xx.o(.text)
    DMA1_Channel7_IRQHandler                 0x080002f7   Thumb Code     0  startup_stm32l476xx.o(.text)
    DMA2_Channel1_IRQHandler                 0x080002f7   Thumb Code     0  startup_stm32l476xx.o(.text)
    DMA2_Channel2_IRQHandler                 0x080002f7   Thumb Code     0  startup_stm32l476xx.o(.text)
    DMA2_Channel3_IRQHandler                 0x080002f7   Thumb Code     0  startup_stm32l476xx.o(.text)
    DMA2_Channel4_IRQHandler                 0x080002f7   Thumb Code     0  startup_stm32l476xx.o(.text)
    DMA2_Channel5_IRQHandler                 0x080002f7   Thumb Code     0  startup_stm32l476xx.o(.text)
    DMA2_Channel6_IRQHandler                 0x080002f7   Thumb Code     0  startup_stm32l476xx.o(.text)
    EXTI1_IRQHandler                         0x080002f7   Thumb Code     0  startup_stm32l476xx.o(.text)
    EXTI2_IRQHandler                         0x080002f7   Thumb Code     0  startup_stm32l476xx.o(.text)
    EXTI3_IRQHandler                         0x080002f7   Thumb Code     0  startup_stm32l476xx.o(.text)
    EXTI4_IRQHandler                         0x080002f7   Thumb Code     0  startup_stm32l476xx.o(.text)
    FLASH_IRQHandler                         0x080002f7   Thumb Code     0  startup_stm32l476xx.o(.text)
    FMC_IRQHandler                           0x080002f7   Thumb Code     0  startup_stm32l476xx.o(.text)
    FPU_IRQHandler                           0x080002f7   Thumb Code     0  startup_stm32l476xx.o(.text)
    I2C1_ER_IRQHandler                       0x080002f7   Thumb Code     0  startup_stm32l476xx.o(.text)
    I2C1_EV_IRQHandler                       0x080002f7   Thumb Code     0  startup_stm32l476xx.o(.text)
    I2C2_ER_IRQHandler                       0x080002f7   Thumb Code     0  startup_stm32l476xx.o(.text)
    I2C2_EV_IRQHandler                       0x080002f7   Thumb Code     0  startup_stm32l476xx.o(.text)
    I2C3_ER_IRQHandler                       0x080002f7   Thumb Code     0  startup_stm32l476xx.o(.text)
    I2C3_EV_IRQHandler                       0x080002f7   Thumb Code     0  startup_stm32l476xx.o(.text)
    LCD_IRQHandler                           0x080002f7   Thumb Code     0  startup_stm32l476xx.o(.text)
    LPTIM1_IRQHandler                        0x080002f7   Thumb Code     0  startup_stm32l476xx.o(.text)
    LPTIM2_IRQHandler                        0x080002f7   Thumb Code     0  startup_stm32l476xx.o(.text)
    OTG_FS_IRQHandler                        0x080002f7   Thumb Code     0  startup_stm32l476xx.o(.text)
    PVD_PVM_IRQHandler                       0x080002f7   Thumb Code     0  startup_stm32l476xx.o(.text)
    QUADSPI_IRQHandler                       0x080002f7   Thumb Code     0  startup_stm32l476xx.o(.text)
    RCC_IRQHandler                           0x080002f7   Thumb Code     0  startup_stm32l476xx.o(.text)
    RNG_IRQHandler                           0x080002f7   Thumb Code     0  startup_stm32l476xx.o(.text)
    RTC_Alarm_IRQHandler                     0x080002f7   Thumb Code     0  startup_stm32l476xx.o(.text)
    RTC_WKUP_IRQHandler                      0x080002f7   Thumb Code     0  startup_stm32l476xx.o(.text)
    SAI1_IRQHandler                          0x080002f7   Thumb Code     0  startup_stm32l476xx.o(.text)
    SAI2_IRQHandler                          0x080002f7   Thumb Code     0  startup_stm32l476xx.o(.text)
    SDMMC1_IRQHandler                        0x080002f7   Thumb Code     0  startup_stm32l476xx.o(.text)
    SPI1_IRQHandler                          0x080002f7   Thumb Code     0  startup_stm32l476xx.o(.text)
    SPI2_IRQHandler                          0x080002f7   Thumb Code     0  startup_stm32l476xx.o(.text)
    SPI3_IRQHandler                          0x080002f7   Thumb Code     0  startup_stm32l476xx.o(.text)
    SWPMI1_IRQHandler                        0x080002f7   Thumb Code     0  startup_stm32l476xx.o(.text)
    TAMP_STAMP_IRQHandler                    0x080002f7   Thumb Code     0  startup_stm32l476xx.o(.text)
    TIM1_BRK_TIM15_IRQHandler                0x080002f7   Thumb Code     0  startup_stm32l476xx.o(.text)
    TIM1_CC_IRQHandler                       0x080002f7   Thumb Code     0  startup_stm32l476xx.o(.text)
    TIM1_TRG_COM_TIM17_IRQHandler            0x080002f7   Thumb Code     0  startup_stm32l476xx.o(.text)
    TIM1_UP_TIM16_IRQHandler                 0x080002f7   Thumb Code     0  startup_stm32l476xx.o(.text)
    TIM2_IRQHandler                          0x080002f7   Thumb Code     0  startup_stm32l476xx.o(.text)
    TIM3_IRQHandler                          0x080002f7   Thumb Code     0  startup_stm32l476xx.o(.text)
    TIM4_IRQHandler                          0x080002f7   Thumb Code     0  startup_stm32l476xx.o(.text)
    TIM5_IRQHandler                          0x080002f7   Thumb Code     0  startup_stm32l476xx.o(.text)
    TIM6_DAC_IRQHandler                      0x080002f7   Thumb Code     0  startup_stm32l476xx.o(.text)
    TIM7_IRQHandler                          0x080002f7   Thumb Code     0  startup_stm32l476xx.o(.text)
    TIM8_BRK_IRQHandler                      0x080002f7   Thumb Code     0  startup_stm32l476xx.o(.text)
    TIM8_CC_IRQHandler                       0x080002f7   Thumb Code     0  startup_stm32l476xx.o(.text)
    TIM8_TRG_COM_IRQHandler                  0x080002f7   Thumb Code     0  startup_stm32l476xx.o(.text)
    TIM8_UP_IRQHandler                       0x080002f7   Thumb Code     0  startup_stm32l476xx.o(.text)
    TSC_IRQHandler                           0x080002f7   Thumb Code     0  startup_stm32l476xx.o(.text)
    UART4_IRQHandler                         0x080002f7   Thumb Code     0  startup_stm32l476xx.o(.text)
    UART5_IRQHandler                         0x080002f7   Thumb Code     0  startup_stm32l476xx.o(.text)
    USART3_IRQHandler                        0x080002f7   Thumb Code     0  startup_stm32l476xx.o(.text)
    WWDG_IRQHandler                          0x080002f7   Thumb Code     0  startup_stm32l476xx.o(.text)
    __user_initial_stackheap                 0x080002f9   Thumb Code     0  startup_stm32l476xx.o(.text)
    malloc                                   0x0800031d   Thumb Code    94  h1_alloc.o(.text)
    free                                     0x0800037b   Thumb Code    78  h1_free.o(.text)
    __aeabi_uldivmod                         0x080003c9   Thumb Code     0  lludivv7m.o(.text)
    _ll_udiv                                 0x080003c9   Thumb Code   240  lludivv7m.o(.text)
    vsnprintf                                0x080004b9   Thumb Code    48  vsnprintf.o(.text)
    strlen                                   0x080004ed   Thumb Code    62  strlen.o(.text)
    __aeabi_memcpy                           0x0800052b   Thumb Code     0  rt_memcpy_v6.o(.text)
    __rt_memcpy                              0x0800052b   Thumb Code   138  rt_memcpy_v6.o(.text)
    _memcpy_lastbytes                        0x08000591   Thumb Code     0  rt_memcpy_v6.o(.text)
    __aeabi_memclr                           0x080005b5   Thumb Code     0  rt_memclr.o(.text)
    __rt_memclr                              0x080005b5   Thumb Code    68  rt_memclr.o(.text)
    _memset                                  0x080005b9   Thumb Code     0  rt_memclr.o(.text)
    __aeabi_memclr4                          0x080005f9   Thumb Code     0  rt_memclr_w.o(.text)
    __aeabi_memclr8                          0x080005f9   Thumb Code     0  rt_memclr_w.o(.text)
    __rt_memclr_w                            0x080005f9   Thumb Code    78  rt_memclr_w.o(.text)
    _memset_w                                0x080005fd   Thumb Code     0  rt_memclr_w.o(.text)
    __use_two_region_memory                  0x08000647   Thumb Code     2  heapauxi.o(.text)
    __rt_heap_escrow                         0x08000649   Thumb Code     2  heapauxi.o(.text)
    __rt_heap_expand                         0x0800064b   Thumb Code     2  heapauxi.o(.text)
    __rt_heap_descriptor                     0x0800064d   Thumb Code     8  rt_heap_descriptor_intlibspace.o(.text)
    __use_no_heap                            0x08000655   Thumb Code     2  hguard.o(.text)
    __heap$guard                             0x08000657   Thumb Code     2  hguard.o(.text)
    _terminate_user_alloc                    0x08000659   Thumb Code     2  init_alloc.o(.text)
    _init_user_alloc                         0x0800065b   Thumb Code     2  init_alloc.o(.text)
    __Heap_Full                              0x0800065d   Thumb Code    34  init_alloc.o(.text)
    __Heap_Broken                            0x0800067f   Thumb Code     6  init_alloc.o(.text)
    _init_alloc                              0x08000685   Thumb Code    94  init_alloc.o(.text)
    __Heap_Initialize                        0x080006e3   Thumb Code    10  h1_init.o(.text)
    __Heap_DescSize                          0x080006ed   Thumb Code     4  h1_init.o(.text)
    _printf_pre_padding                      0x080006f1   Thumb Code    44  _printf_pad.o(.text)
    _printf_post_padding                     0x0800071d   Thumb Code    34  _printf_pad.o(.text)
    _printf_truncate_signed                  0x0800073f   Thumb Code    18  _printf_truncate.o(.text)
    _printf_truncate_unsigned                0x08000751   Thumb Code    18  _printf_truncate.o(.text)
    _printf_str                              0x08000763   Thumb Code    82  _printf_str.o(.text)
    _printf_int_dec                          0x080007b5   Thumb Code   104  _printf_dec.o(.text)
    _printf_charcount                        0x0800082d   Thumb Code    40  _printf_charcount.o(.text)
    _printf_char_common                      0x0800085f   Thumb Code    32  _printf_char_common.o(.text)
    _sputc                                   0x08000885   Thumb Code    10  _sputc.o(.text)
    _snputc                                  0x0800088f   Thumb Code    16  _snputc.o(.text)
    _printf_wctomb                           0x080008a1   Thumb Code   182  _printf_wctomb.o(.text)
    _printf_longlong_dec                     0x08000965   Thumb Code   108  _printf_longlong_dec.o(.text)
    _printf_longlong_oct                     0x080009e1   Thumb Code    68  _printf_oct_int_ll.o(.text)
    _printf_int_oct                          0x08000a25   Thumb Code    24  _printf_oct_int_ll.o(.text)
    _printf_ll_oct                           0x08000a3d   Thumb Code    12  _printf_oct_int_ll.o(.text)
    _printf_longlong_hex                     0x08000a51   Thumb Code    86  _printf_hex_int_ll_ptr.o(.text)
    _printf_int_hex                          0x08000aa7   Thumb Code    28  _printf_hex_int_ll_ptr.o(.text)
    _printf_ll_hex                           0x08000ac3   Thumb Code    12  _printf_hex_int_ll_ptr.o(.text)
    _printf_hex_ptr                          0x08000acf   Thumb Code    18  _printf_hex_int_ll_ptr.o(.text)
    __printf                                 0x08000ae5   Thumb Code   388  __printf_flags_ss_wp.o(.text)
    __aeabi_memcpy4                          0x08000c73   Thumb Code     0  rt_memcpy_w.o(.text)
    __aeabi_memcpy8                          0x08000c73   Thumb Code     0  rt_memcpy_w.o(.text)
    __rt_memcpy_w                            0x08000c73   Thumb Code   100  rt_memcpy_w.o(.text)
    _memcpy_lastbytes_aligned                0x08000cbb   Thumb Code     0  rt_memcpy_w.o(.text)
    __user_libspace                          0x08000cd9   Thumb Code     8  libspace.o(.text)
    __user_perproc_libspace                  0x08000cd9   Thumb Code     0  libspace.o(.text)
    __user_perthread_libspace                0x08000cd9   Thumb Code     0  libspace.o(.text)
    __Heap_ProvideMemory                     0x08000ce1   Thumb Code    52  h1_extend.o(.text)
    _maybe_terminate_alloc                   0x08000ce1   Thumb Code     0  maybetermalloc1.o(.text)
    _ll_udiv10                               0x08000d15   Thumb Code   138  lludiv10.o(.text)
    _printf_int_common                       0x08000d9f   Thumb Code   178  _printf_intcommon.o(.text)
    _printf_fp_dec_real                      0x08001001   Thumb Code   620  _printf_fp_dec.o(.text)
    _printf_fp_hex_real                      0x08001275   Thumb Code   756  _printf_fp_hex.o(.text)
    _printf_cs_common                        0x08001577   Thumb Code    20  _printf_char.o(.text)
    _printf_char                             0x0800158b   Thumb Code    16  _printf_char.o(.text)
    _printf_string                           0x0800159b   Thumb Code     8  _printf_char.o(.text)
    _printf_lcs_common                       0x080015a3   Thumb Code    20  _printf_wchar.o(.text)
    _printf_wchar                            0x080015b7   Thumb Code    16  _printf_wchar.o(.text)
    _printf_wstring                          0x080015c7   Thumb Code     8  _printf_wchar.o(.text)
    _c16rtomb                                0x080015cf   Thumb Code    72  _c16rtomb.o(.text)
    _wcrtomb                                 0x080015cf   Thumb Code     0  _c16rtomb.o(.text)
    __rt_SIGRTMEM                            0x08001617   Thumb Code    14  defsig_rtmem_outer.o(.text)
    __I$use$semihosting                      0x08001625   Thumb Code     0  use_no_semi.o(.text)
    __use_no_semihosting_swi                 0x08001625   Thumb Code     2  use_no_semi.o(.text)
    __semihosting_library_function           0x08001627   Thumb Code     0  indicate_semi.o(.text)
    __user_setup_stackheap                   0x08001627   Thumb Code    74  sys_stackheap_outer.o(.text)
    __rt_ctype_table                         0x08001671   Thumb Code    16  rt_ctype_table.o(.text)
    __rt_locale                              0x08001681   Thumb Code     8  rt_locale_intlibspace.o(.text)
    _printf_fp_infnan                        0x08001689   Thumb Code   112  _printf_fp_infnan.o(.text)
    _btod_etento                             0x08001709   Thumb Code   224  bigflt0.o(.text)
    exit                                     0x080017ed   Thumb Code    18  exit.o(.text)
    __sig_exit                               0x080017ff   Thumb Code    10  defsig_exit.o(.text)
    __rt_SIGRTMEM_inner                      0x08001809   Thumb Code    22  defsig_rtmem_inner.o(.text)
    _sys_exit                                0x08001859   Thumb Code     8  sys_exit.o(.text)
    __default_signal_display                 0x08001865   Thumb Code    50  defsig_general.o(.text)
    strcmp                                   0x08001899   Thumb Code   124  strcmpv7em.o(.text)
    _ttywrch                                 0x08001915   Thumb Code    14  sys_wrch.o(.text)
    ADS_Read_XY                              0x08001923   Thumb Code   110  xpt2046.o(.text.ADS_Read_XY)
    BusFault_Handler                         0x08001991   Thumb Code     2  stm32l4xx_it.o(.text.BusFault_Handler)
    DMA1_Channel5_IRQHandler                 0x08001995   Thumb Code    12  stm32l4xx_it.o(.text.DMA1_Channel5_IRQHandler)
    DMA1_Channel6_IRQHandler                 0x080019a1   Thumb Code    12  stm32l4xx_it.o(.text.DMA1_Channel6_IRQHandler)
    DMA2_Channel7_IRQHandler                 0x080019ad   Thumb Code    12  stm32l4xx_it.o(.text.DMA2_Channel7_IRQHandler)
    DebugMon_Handler                         0x080019e3   Thumb Code     2  stm32l4xx_it.o(.text.DebugMon_Handler)
    EXTI0_IRQHandler                         0x080019e5   Thumb Code     6  stm32l4xx_it.o(.text.EXTI0_IRQHandler)
    EXTI15_10_IRQHandler                     0x080019eb   Thumb Code     8  stm32l4xx_it.o(.text.EXTI15_10_IRQHandler)
    EXTI9_5_IRQHandler                       0x080019f3   Thumb Code     6  stm32l4xx_it.o(.text.EXTI9_5_IRQHandler)
    Error_Handler                            0x080019f9   Thumb Code     8  main.o(.text.Error_Handler)
    HAL_DMA_Abort                            0x08001a01   Thumb Code    68  stm32l4xx_hal_dma.o(.text.HAL_DMA_Abort)
    HAL_DMA_Abort_IT                         0x08001a45   Thumb Code    78  stm32l4xx_hal_dma.o(.text.HAL_DMA_Abort_IT)
    HAL_DMA_GetError                         0x08001a93   Thumb Code     4  stm32l4xx_hal_dma.o(.text.HAL_DMA_GetError)
    HAL_DMA_IRQHandler                       0x08001a97   Thumb Code   148  stm32l4xx_hal_dma.o(.text.HAL_DMA_IRQHandler)
    HAL_DMA_Init                             0x08001b2d   Thumb Code   188  stm32l4xx_hal_dma.o(.text.HAL_DMA_Init)
    HAL_DMA_Start_IT                         0x08001be9   Thumb Code   102  stm32l4xx_hal_dma.o(.text.HAL_DMA_Start_IT)
    HAL_Delay                                0x08001c51   Thumb Code    36  stm32l4xx_hal.o(.text.HAL_Delay)
    HAL_GPIO_EXTI_Callback                   0x08001c75   Thumb Code   260  key.o(.text.HAL_GPIO_EXTI_Callback)
    HAL_GPIO_EXTI_IRQHandler                 0x08001d79   Thumb Code    20  stm32l4xx_hal_gpio.o(.text.HAL_GPIO_EXTI_IRQHandler)
    HAL_GPIO_Init                            0x08001d8d   Thumb Code   440  stm32l4xx_hal_gpio.o(.text.HAL_GPIO_Init)
    HAL_GPIO_ReadPin                         0x08001f4b   Thumb Code    10  stm32l4xx_hal_gpio.o(.text.HAL_GPIO_ReadPin)
    HAL_GPIO_WritePin                        0x08001f55   Thumb Code    12  stm32l4xx_hal_gpio.o(.text.HAL_GPIO_WritePin)
    HAL_GetTick                              0x08001f61   Thumb Code    12  stm32l4xx_hal.o(.text.HAL_GetTick)
    HAL_I2CEx_ConfigAnalogFilter             0x08001f6d   Thumb Code    74  stm32l4xx_hal_i2c_ex.o(.text.HAL_I2CEx_ConfigAnalogFilter)
    HAL_I2CEx_ConfigDigitalFilter            0x08001fb7   Thumb Code    72  stm32l4xx_hal_i2c_ex.o(.text.HAL_I2CEx_ConfigDigitalFilter)
    HAL_I2C_GetError                         0x08001fff   Thumb Code     4  stm32l4xx_hal_i2c.o(.text.HAL_I2C_GetError)
    HAL_I2C_GetState                         0x08002003   Thumb Code     6  stm32l4xx_hal_i2c.o(.text.HAL_I2C_GetState)
    HAL_I2C_Init                             0x08002009   Thumb Code   160  stm32l4xx_hal_i2c.o(.text.HAL_I2C_Init)
    HAL_I2C_Master_Receive                   0x080020a9   Thumb Code   308  stm32l4xx_hal_i2c.o(.text.HAL_I2C_Master_Receive)
    HAL_I2C_Master_Transmit                  0x080021dd   Thumb Code   308  stm32l4xx_hal_i2c.o(.text.HAL_I2C_Master_Transmit)
    HAL_I2C_Mem_Read                         0x08002311   Thumb Code   452  stm32l4xx_hal_i2c.o(.text.HAL_I2C_Mem_Read)
    HAL_I2C_MspInit                          0x080024dd   Thumb Code   108  i2c.o(.text.HAL_I2C_MspInit)
    HAL_IncTick                              0x08002549   Thumb Code    20  stm32l4xx_hal.o(.text.HAL_IncTick)
    HAL_Init                                 0x0800255d   Thumb Code    28  stm32l4xx_hal.o(.text.HAL_Init)
    HAL_InitTick                             0x08002579   Thumb Code    68  stm32l4xx_hal.o(.text.HAL_InitTick)
    HAL_MspInit                              0x080025bd   Thumb Code    48  stm32l4xx_hal_msp.o(.text.HAL_MspInit)
    HAL_NVIC_DisableIRQ                      0x080025ed   Thumb Code    36  stm32l4xx_hal_cortex.o(.text.HAL_NVIC_DisableIRQ)
    HAL_NVIC_EnableIRQ                       0x08002611   Thumb Code    28  stm32l4xx_hal_cortex.o(.text.HAL_NVIC_EnableIRQ)
    HAL_NVIC_SetPriority                     0x0800262d   Thumb Code    56  stm32l4xx_hal_cortex.o(.text.HAL_NVIC_SetPriority)
    HAL_NVIC_SetPriorityGrouping             0x08002665   Thumb Code    32  stm32l4xx_hal_cortex.o(.text.HAL_NVIC_SetPriorityGrouping)
    HAL_PWREx_ControlVoltageScaling          0x08002685   Thumb Code   104  stm32l4xx_hal_pwr_ex.o(.text.HAL_PWREx_ControlVoltageScaling)
    HAL_PWREx_GetVoltageRange                0x080026ed   Thumb Code    12  stm32l4xx_hal_pwr_ex.o(.text.HAL_PWREx_GetVoltageRange)
    HAL_RCCEx_PeriphCLKConfig                0x080026f9   Thumb Code   856  stm32l4xx_hal_rcc_ex.o(.text.HAL_RCCEx_PeriphCLKConfig)
    HAL_RCC_ClockConfig                      0x08002a59   Thumb Code   344  stm32l4xx_hal_rcc.o(.text.HAL_RCC_ClockConfig)
    HAL_RCC_GetPCLK1Freq                     0x08002bb1   Thumb Code    24  stm32l4xx_hal_rcc.o(.text.HAL_RCC_GetPCLK1Freq)
    HAL_RCC_GetPCLK2Freq                     0x08002bc9   Thumb Code    36  stm32l4xx_hal_rcc.o(.text.HAL_RCC_GetPCLK2Freq)
    HAL_RCC_GetSysClockFreq                  0x08002bed   Thumb Code   160  stm32l4xx_hal_rcc.o(.text.HAL_RCC_GetSysClockFreq)
    HAL_RCC_OscConfig                        0x08002c8d   Thumb Code  1384  stm32l4xx_hal_rcc.o(.text.HAL_RCC_OscConfig)
    HAL_RTC_Init                             0x080031f5   Thumb Code   140  stm32l4xx_hal_rtc.o(.text.HAL_RTC_Init)
    HAL_RTC_MspInit                          0x08003281   Thumb Code    32  rtc.o(.text.HAL_RTC_MspInit)
    HAL_RTC_WaitForSynchro                   0x080032a1   Thumb Code    48  stm32l4xx_hal_rtc.o(.text.HAL_RTC_WaitForSynchro)
    HAL_SYSTICK_Config                       0x080032d1   Thumb Code    40  stm32l4xx_hal_cortex.o(.text.HAL_SYSTICK_Config)
    HAL_TIMEx_MasterConfigSynchronization    0x080032f9   Thumb Code   148  stm32l4xx_hal_tim_ex.o(.text.HAL_TIMEx_MasterConfigSynchronization)
    HAL_TIM_Base_Init                        0x0800338d   Thumb Code    96  stm32l4xx_hal_tim.o(.text.HAL_TIM_Base_Init)
    HAL_TIM_Base_MspInit                     0x080033ed   Thumb Code    76  tim.o(.text.HAL_TIM_Base_MspInit)
    HAL_TIM_ConfigClockSource                0x08003439   Thumb Code   248  stm32l4xx_hal_tim.o(.text.HAL_TIM_ConfigClockSource)
    HAL_UARTEx_RxEventCallback               0x08003531   Thumb Code     2  stm32l4xx_hal_uart.o(.text.HAL_UARTEx_RxEventCallback)
    HAL_UARTEx_WakeupCallback                0x08003533   Thumb Code     2  stm32l4xx_hal_uart_ex.o(.text.HAL_UARTEx_WakeupCallback)
    HAL_UART_DMAStop                         0x08003535   Thumb Code   146  stm32l4xx_hal_uart.o(.text.HAL_UART_DMAStop)
    HAL_UART_ErrorCallback                   0x080035c7   Thumb Code     2  stm32l4xx_hal_uart.o(.text.HAL_UART_ErrorCallback)
    HAL_UART_IRQHandler                      0x080035c9   Thumb Code   700  stm32l4xx_hal_uart.o(.text.HAL_UART_IRQHandler)
    HAL_UART_Init                            0x08003885   Thumb Code    96  stm32l4xx_hal_uart.o(.text.HAL_UART_Init)
    HAL_UART_MspInit                         0x080038e5   Thumb Code   428  usart.o(.text.HAL_UART_MspInit)
    HAL_UART_Receive_DMA                     0x08003a91   Thumb Code    88  stm32l4xx_hal_uart.o(.text.HAL_UART_Receive_DMA)
    HAL_UART_RxCpltCallback                  0x08003ae9   Thumb Code     2  stm32l4xx_hal_uart.o(.text.HAL_UART_RxCpltCallback)
    HAL_UART_RxHalfCpltCallback              0x08003aeb   Thumb Code     2  stm32l4xx_hal_uart.o(.text.HAL_UART_RxHalfCpltCallback)
    HAL_UART_TxCpltCallback                  0x08003aed   Thumb Code     2  stm32l4xx_hal_uart.o(.text.HAL_UART_TxCpltCallback)
    HDC1000_IO_Init                          0x08003af1   Thumb Code     8  hdc1000.o(.text.HDC1000_IO_Init)
    HDC1000_Init                             0x08003af9   Thumb Code    50  hdc1000.o(.text.HDC1000_Init)
    HDC1000_Read_Temper                      0x08003bcb   Thumb Code    22  hdc1000.o(.text.HDC1000_Read_Temper)
    HardFault_Handler                        0x08003c3d   Thumb Code     2  stm32l4xx_it.o(.text.HardFault_Handler)
    I2Cx_Init                                0x08003f15   Thumb Code    64  hdc1000.o(.text.I2Cx_Init)
    KEY_DO                                   0x08003f55   Thumb Code    60  key.o(.text.KEY_DO)
    LPUART1_Clear_IT                         0x08003f91   Thumb Code    52  usart.o(.text.LPUART1_Clear_IT)
    LPUART1_IRQHandler                       0x08003fc5   Thumb Code    20  stm32l4xx_it.o(.text.LPUART1_IRQHandler)
    LoRaWAN_Borad_Info_Print                 0x08003fd9   Thumb Code   224  app.o(.text.LoRaWAN_Borad_Info_Print)
    LoRaWAN_Func_Process                     0x080040b9   Thumb Code   376  app.o(.text.LoRaWAN_Func_Process)
    MMA8451_IO_Init                          0x08004231   Thumb Code     8  mma8451.o(.text.MMA8451_IO_Init)
    MMA8451_Init                             0x08004239   Thumb Code   100  mma8451.o(.text.MMA8451_Init)
    MPL3115_IO_Init                          0x08004331   Thumb Code     8  mpl3115.o(.text.MPL3115_IO_Init)
    MPL3115_Init                             0x08004339   Thumb Code    26  mpl3115.o(.text.MPL3115_Init)
    MPL3115_SetMode                          0x08004353   Thumb Code    86  mpl3115.o(.text.MPL3115_SetMode)
    MX_DMA_Init                              0x080043f5   Thumb Code    92  dma.o(.text.MX_DMA_Init)
    MX_GPIO_Init                             0x08004451   Thumb Code   544  gpio.o(.text.MX_GPIO_Init)
    MX_I2C1_Init                             0x08004679   Thumb Code    88  i2c.o(.text.MX_I2C1_Init)
    MX_LPUART1_UART_Init                     0x080046d1   Thumb Code    56  usart.o(.text.MX_LPUART1_UART_Init)
    MX_RTC_Init                              0x08004709   Thumb Code    52  rtc.o(.text.MX_RTC_Init)
    MX_TIM15_Init                            0x0800473d   Thumb Code   104  tim.o(.text.MX_TIM15_Init)
    MX_TIM6_Init                             0x080047a5   Thumb Code    68  tim.o(.text.MX_TIM6_Init)
    MX_USART1_UART_Init                      0x080047e9   Thumb Code    60  usart.o(.text.MX_USART1_UART_Init)
    MX_USART2_UART_Init                      0x08004825   Thumb Code    60  usart.o(.text.MX_USART2_UART_Init)
    MemManage_Handler                        0x08004861   Thumb Code     2  stm32l4xx_it.o(.text.MemManage_Handler)
    NMI_Handler                              0x08004863   Thumb Code     2  stm32l4xx_it.o(.text.NMI_Handler)
    Node_Hard_Reset                          0x08004865   Thumb Code    76  lorawan_node_driver.o(.text.Node_Hard_Reset)
    OPT3001_IO_Init                          0x080048b1   Thumb Code     8  opt3001.o(.text.OPT3001_IO_Init)
    OPT3001_Init                             0x080048b9   Thumb Code    60  opt3001.o(.text.OPT3001_Init)
    PendSV_Handler                           0x080049a1   Thumb Code     2  stm32l4xx_it.o(.text.PendSV_Handler)
    RTC_EnterInitMode                        0x08004c4d   Thumb Code    66  stm32l4xx_hal_rtc.o(.text.RTC_EnterInitMode)
    RTC_ExitInitMode                         0x08004c91   Thumb Code    80  stm32l4xx_hal_rtc.o(.text.RTC_ExitInitMode)
    Read_ADS                                 0x08004ce1   Thumb Code    38  xpt2046.o(.text.Read_ADS)
    Read_ADS2                                0x08004d07   Thumb Code   114  xpt2046.o(.text.Read_ADS2)
    SVC_Handler                              0x08004d79   Thumb Code     2  stm32l4xx_it.o(.text.SVC_Handler)
    SysTick_Handler                          0x08004d7b   Thumb Code     4  stm32l4xx_it.o(.text.SysTick_Handler)
    SystemClock_Config                       0x08004d81   Thumb Code   180  main.o(.text.SystemClock_Config)
    SystemInit                               0x08004e35   Thumb Code    16  system_stm32l4xx.o(.text.SystemInit)
    TIM_Base_SetConfig                       0x08004e45   Thumb Code   200  stm32l4xx_hal_tim.o(.text.TIM_Base_SetConfig)
    UART_AdvFeatureConfig                    0x08004f51   Thumb Code   170  stm32l4xx_hal_uart.o(.text.UART_AdvFeatureConfig)
    UART_CheckIdleState                      0x08004ffb   Thumb Code    96  stm32l4xx_hal_uart.o(.text.UART_CheckIdleState)
    UART_SetConfig                           0x080051b9   Thumb Code   484  stm32l4xx_hal_uart.o(.text.UART_SetConfig)
    UART_Start_Receive_DMA                   0x0800539d   Thumb Code   156  stm32l4xx_hal_uart.o(.text.UART_Start_Receive_DMA)
    UART_WaitOnFlagUntilTimeout              0x08005439   Thumb Code   204  stm32l4xx_hal_uart.o(.text.UART_WaitOnFlagUntilTimeout)
    USART1_IRQHandler                        0x08005505   Thumb Code    12  stm32l4xx_it.o(.text.USART1_IRQHandler)
    USART2_Clear_IT                          0x08005511   Thumb Code    56  usart.o(.text.USART2_Clear_IT)
    USART2_IRQHandler                        0x08005549   Thumb Code    20  stm32l4xx_it.o(.text.USART2_IRQHandler)
    UsageFault_Handler                       0x0800555d   Thumb Code     2  stm32l4xx_it.o(.text.UsageFault_Handler)
    XPT2046_read                             0x08005561   Thumb Code   124  xpt2046.o(.text.XPT2046_read)
    XPT2046_write                            0x080055dd   Thumb Code    56  xpt2046.o(.text.XPT2046_write)
    debug_printf                             0x08005639   Thumb Code    60  usart.o(.text.debug_printf)
    delay_10ms                               0x08005675   Thumb Code    24  st7789v.o(.text.delay_10ms)
    find_string                              0x0800568d   Thumb Code    46  common.o(.text.find_string)
    htoi                                     0x080056e5   Thumb Code    70  common.o(.text.htoi)
    lower2upper_and_remove_spaces            0x0800572b   Thumb Code    38  common.o(.text.lower2upper_and_remove_spaces)
    lpusart1_receive_idle                    0x08005751   Thumb Code    64  usart.o(.text.lpusart1_receive_idle)
    lpusart1_send_byte                       0x08005791   Thumb Code    24  usart.o(.text.lpusart1_send_byte)
    lpusart1_send_data                       0x080057a9   Thumb Code    22  usart.o(.text.lpusart1_send_data)
    lpusart1_send_string                     0x080057bf   Thumb Code    18  usart.o(.text.lpusart1_send_string)
    main                                     0x080057d1   Thumb Code    98  main.o(.text.main)
    match_string                             0x08005833   Thumb Code   114  common.o(.text.match_string)
    nodeDataCommunicate                      0x080058a5   Thumb Code   740  lorawan_node_driver.o(.text.nodeDataCommunicate)
    nodeGpioConfig                           0x08005b8f   Thumb Code     4  lorawan_node_driver.o(.text.nodeGpioConfig)
    nodeJoinNet                              0x08005b93   Thumb Code     4  lorawan_node_driver.o(.text.nodeJoinNet)
    nodeResetJoin                            0x08005bc1   Thumb Code    40  lorawan_node_driver.o(.text.nodeResetJoin)
    system_delay_ms                          0x08005d95   Thumb Code    22  common.o(.text.system_delay_ms)
    time_out_break_ms                        0x08005dad   Thumb Code    68  common.o(.text.time_out_break_ms)
    usart2_receive_idle                      0x08005ed5   Thumb Code    68  usart.o(.text.usart2_receive_idle)
    usart2_send_byte                         0x08005f19   Thumb Code    20  usart.o(.text.usart2_send_byte)
    usart2_send_data                         0x08005f2d   Thumb Code    22  usart.o(.text.usart2_send_data)
    usart2_send_string                       0x08005f45   Thumb Code    32  usart.o(.text.usart2_send_string)
    _btod_d2e                                0x08005f65   Thumb Code    62  btod.o(CL$$btod_d2e)
    _d2e_denorm_low                          0x08005fa3   Thumb Code    70  btod.o(CL$$btod_d2e_denorm_low)
    _d2e_norm_op1                            0x08005fe9   Thumb Code    96  btod.o(CL$$btod_d2e_norm_op1)
    __btod_div_common                        0x08006049   Thumb Code   696  btod.o(CL$$btod_div_common)
    _e2e                                     0x08006381   Thumb Code   220  btod.o(CL$$btod_e2e)
    _btod_ediv                               0x0800645d   Thumb Code    42  btod.o(CL$$btod_ediv)
    _btod_emul                               0x08006487   Thumb Code    42  btod.o(CL$$btod_emul)
    __btod_mult_common                       0x080064b1   Thumb Code   580  btod.o(CL$$btod_mult_common)
    __ARM_fpclassify                         0x080066f5   Thumb Code    48  fpclassify.o(i.__ARM_fpclassify)
    _is_digit                                0x08006725   Thumb Code    14  __printf_wp.o(i._is_digit)
    _get_lc_numeric                          0x08006735   Thumb Code    44  lc_numeric_c.o(locale$$code)
    _get_lc_ctype                            0x08006761   Thumb Code    44  lc_ctype_c.o(locale$$code)
    _fp_init                                 0x0800678d   Thumb Code    26  fpinit.o(x$fpl$fpinit)
    __fplib_config_fpu_vfp                   0x080067a5   Thumb Code     0  fpinit.o(x$fpl$fpinit)
    __fplib_config_pureend_doubles           0x080067a5   Thumb Code     0  fpinit.o(x$fpl$fpinit)
    _printf_fp_dec                           0x080067a7   Thumb Code     4  printf1.o(x$fpl$printf1)
    _printf_fp_hex                           0x080067ab   Thumb Code     4  printf2.o(x$fpl$printf2)
    __I$use$fp                               0x080067ae   Number         0  usenofp.o(x$fpl$usenofp)
    AHBPrescTable                            0x080068ac   Data          16  system_stm32l4xx.o(.rodata.AHBPrescTable)
    APBPrescTable                            0x080068bc   Data           8  system_stm32l4xx.o(.rodata.APBPrescTable)
    MSIRangeTable                            0x080068c4   Data          48  system_stm32l4xx.o(.rodata.MSIRangeTable)
    Region$$Table$$Base                      0x08006a9c   Number         0  anon$$obj.o(Region$$Table)
    Region$$Table$$Limit                     0x08006abc   Number         0  anon$$obj.o(Region$$Table)
    __ctype                                  0x08006ae5   Data           0  lc_ctype_c.o(locale$$data)
    uwTickFreq                               0x20000000   Data           1  stm32l4xx_hal.o(.data..L_MergedGlobals)
    uwTickPrio                               0x20000004   Data           4  stm32l4xx_hal.o(.data..L_MergedGlobals)
    App_Key_str                              0x20000008   Data           4  key.o(.data.App_Key_str)
    Device_Mode_str                          0x2000000c   Data           4  common.o(.data.Device_Mode_str)
    LCD_EN                                   0x20000010   Data           1  xpt2046.o(.data.LCD_EN)
    SystemCoreClock                          0x20000014   Data           4  system_stm32l4xx.o(.data.SystemCoreClock)
    device_mode                              0x20000018   Data           1  common.o(.data.device_mode)
    timeout_start_flag                       0x20000019   Data           1  common.o(.data.timeout_start_flag)
    __libspace_start                         0x20000020   Data          96  libspace.o(.bss)
    __temporary_stack_top$libspace           0x20000080   Data           0  libspace.o(.bss)
    node_join_successfully                   0x20000080   Data           1  lorawan_node_driver.o(.bss..L_MergedGlobals)
    confirm_continue_failure_count           0x20000081   Data           1  lorawan_node_driver.o(.bss..L_MergedGlobals)
    App_Key                                  0x20000083   Data           2  key.o(.bss.App_Key)
    Error_num                                0x20000085   Data           1  sensors_test.o(.bss.Error_num)
    LPUsart1_RX                              0x20000086   Data        1028  usart.o(.bss.LPUsart1_RX)
    Pen_Point                                0x2000048c   Data          24  xpt2046.o(.bss.Pen_Point)
    Usart2_RX                                0x200004a4   Data        1028  usart.o(.bss.Usart2_RX)
    hdc1000                                  0x20000940   Data          84  hdc1000.o(.bss.hdc1000)
    hdma_lpuart_rx                           0x20000994   Data          72  usart.o(.bss.hdma_lpuart_rx)
    hdma_usart1_rx                           0x200009dc   Data          72  usart.o(.bss.hdma_usart1_rx)
    hdma_usart2_rx                           0x20000a24   Data          72  usart.o(.bss.hdma_usart2_rx)
    hi2c1                                    0x20000a6c   Data          84  i2c.o(.bss.hi2c1)
    hlpuart1                                 0x20000ac0   Data         132  usart.o(.bss.hlpuart1)
    hrtc                                     0x20000b44   Data          36  rtc.o(.bss.hrtc)
    htim15                                   0x20000b68   Data          76  tim.o(.bss.htim15)
    htim6                                    0x20000bb4   Data          76  tim.o(.bss.htim6)
    huart1                                   0x20000c00   Data         132  usart.o(.bss.huart1)
    huart2                                   0x20000c84   Data         132  usart.o(.bss.huart2)
    mma8451                                  0x20000d08   Data          84  mma8451.o(.bss.mma8451)
    mpl3115                                  0x20000d5c   Data          84  mpl3115.o(.bss.mpl3115)
    opt3001                                  0x20000db0   Data          84  opt3001.o(.bss.opt3001)
    pphead                                   0x20000e04   Data           4  app.o(.bss.pphead)
    uwTick                                   0x20000e0c   Data           4  stm32l4xx_hal.o(.bss.uwTick)



==============================================================================

Memory Map of the image

  Image Entry point : 0x08000189

  Load Region LR_IROM1 (Base: 0x08000000, Size: 0x00006c08, Max: 0x00100000, ABSOLUTE)

    Execution Region ER_IROM1 (Exec base: 0x08000000, Load base: 0x08000000, Size: 0x00006be8, Max: 0x00100000, ABSOLUTE)

    Exec Addr    Load Addr    Size         Type   Attr      Idx    E Section Name        Object

    0x08000000   0x08000000   0x00000188   Data   RO            3    RESET               startup_stm32l476xx.o
    0x08000188   0x08000188   0x00000008   Code   RO         1999  * !!!main             c_w.l(__main.o)
    0x08000190   0x08000190   0x00000034   Code   RO         2455    !!!scatter          c_w.l(__scatter.o)
    0x080001c4   0x080001c4   0x0000001a   Code   RO         2457    !!handler_copy      c_w.l(__scatter_copy.o)
    0x080001de   0x080001de   0x00000002   PAD
    0x080001e0   0x080001e0   0x0000001c   Code   RO         2459    !!handler_zi        c_w.l(__scatter_zi.o)
    0x080001fc   0x080001fc   0x00000000   Code   RO         2156    .ARM.Collect$$_printf_percent$$00000000  c_w.l(_printf_percent.o)
    0x080001fc   0x080001fc   0x00000006   Code   RO         2145    .ARM.Collect$$_printf_percent$$00000001  c_w.l(_printf_n.o)
    0x08000202   0x08000202   0x00000006   Code   RO         2147    .ARM.Collect$$_printf_percent$$00000002  c_w.l(_printf_p.o)
    0x08000208   0x08000208   0x00000006   Code   RO         2152    .ARM.Collect$$_printf_percent$$00000003  c_w.l(_printf_f.o)
    0x0800020e   0x0800020e   0x00000006   Code   RO         2153    .ARM.Collect$$_printf_percent$$00000004  c_w.l(_printf_e.o)
    0x08000214   0x08000214   0x00000006   Code   RO         2154    .ARM.Collect$$_printf_percent$$00000005  c_w.l(_printf_g.o)
    0x0800021a   0x0800021a   0x00000006   Code   RO         2155    .ARM.Collect$$_printf_percent$$00000006  c_w.l(_printf_a.o)
    0x08000220   0x08000220   0x0000000a   Code   RO         2160    .ARM.Collect$$_printf_percent$$00000007  c_w.l(_printf_ll.o)
    0x0800022a   0x0800022a   0x00000006   Code   RO         2149    .ARM.Collect$$_printf_percent$$00000008  c_w.l(_printf_i.o)
    0x08000230   0x08000230   0x00000006   Code   RO         2150    .ARM.Collect$$_printf_percent$$00000009  c_w.l(_printf_d.o)
    0x08000236   0x08000236   0x00000006   Code   RO         2151    .ARM.Collect$$_printf_percent$$0000000A  c_w.l(_printf_u.o)
    0x0800023c   0x0800023c   0x00000006   Code   RO         2148    .ARM.Collect$$_printf_percent$$0000000B  c_w.l(_printf_o.o)
    0x08000242   0x08000242   0x00000006   Code   RO         2146    .ARM.Collect$$_printf_percent$$0000000C  c_w.l(_printf_x.o)
    0x08000248   0x08000248   0x00000006   Code   RO         2157    .ARM.Collect$$_printf_percent$$0000000D  c_w.l(_printf_lli.o)
    0x0800024e   0x0800024e   0x00000006   Code   RO         2158    .ARM.Collect$$_printf_percent$$0000000E  c_w.l(_printf_lld.o)
    0x08000254   0x08000254   0x00000006   Code   RO         2159    .ARM.Collect$$_printf_percent$$0000000F  c_w.l(_printf_llu.o)
    0x0800025a   0x0800025a   0x00000006   Code   RO         2164    .ARM.Collect$$_printf_percent$$00000010  c_w.l(_printf_llo.o)
    0x08000260   0x08000260   0x00000006   Code   RO         2165    .ARM.Collect$$_printf_percent$$00000011  c_w.l(_printf_llx.o)
    0x08000266   0x08000266   0x0000000a   Code   RO         2161    .ARM.Collect$$_printf_percent$$00000012  c_w.l(_printf_l.o)
    0x08000270   0x08000270   0x00000006   Code   RO         2143    .ARM.Collect$$_printf_percent$$00000013  c_w.l(_printf_c.o)
    0x08000276   0x08000276   0x00000006   Code   RO         2144    .ARM.Collect$$_printf_percent$$00000014  c_w.l(_printf_s.o)
    0x0800027c   0x0800027c   0x00000006   Code   RO         2162    .ARM.Collect$$_printf_percent$$00000015  c_w.l(_printf_lc.o)
    0x08000282   0x08000282   0x00000006   Code   RO         2163    .ARM.Collect$$_printf_percent$$00000016  c_w.l(_printf_ls.o)
    0x08000288   0x08000288   0x00000004   Code   RO         2294    .ARM.Collect$$_printf_percent$$00000017  c_w.l(_printf_percent_end.o)
    0x0800028c   0x0800028c   0x00000002   Code   RO         2377    .ARM.Collect$$libinit$$00000000  c_w.l(libinit.o)
    0x0800028e   0x0800028e   0x00000004   Code   RO         2170    .ARM.Collect$$libinit$$00000001  c_w.l(libinit2.o)
    0x08000292   0x08000292   0x00000000   Code   RO         2173    .ARM.Collect$$libinit$$00000004  c_w.l(libinit2.o)
    0x08000292   0x08000292   0x00000008   Code   RO         2174    .ARM.Collect$$libinit$$00000005  c_w.l(libinit2.o)
    0x0800029a   0x0800029a   0x00000000   Code   RO         2176    .ARM.Collect$$libinit$$0000000A  c_w.l(libinit2.o)
    0x0800029a   0x0800029a   0x00000000   Code   RO         2178    .ARM.Collect$$libinit$$0000000C  c_w.l(libinit2.o)
    0x0800029a   0x0800029a   0x00000000   Code   RO         2180    .ARM.Collect$$libinit$$0000000E  c_w.l(libinit2.o)
    0x0800029a   0x0800029a   0x00000006   Code   RO         2181    .ARM.Collect$$libinit$$0000000F  c_w.l(libinit2.o)
    0x080002a0   0x080002a0   0x00000000   Code   RO         2183    .ARM.Collect$$libinit$$00000011  c_w.l(libinit2.o)
    0x080002a0   0x080002a0   0x0000000c   Code   RO         2184    .ARM.Collect$$libinit$$00000012  c_w.l(libinit2.o)
    0x080002ac   0x080002ac   0x00000000   Code   RO         2185    .ARM.Collect$$libinit$$00000013  c_w.l(libinit2.o)
    0x080002ac   0x080002ac   0x00000000   Code   RO         2187    .ARM.Collect$$libinit$$00000015  c_w.l(libinit2.o)
    0x080002ac   0x080002ac   0x0000000a   Code   RO         2188    .ARM.Collect$$libinit$$00000016  c_w.l(libinit2.o)
    0x080002b6   0x080002b6   0x00000000   Code   RO         2189    .ARM.Collect$$libinit$$00000017  c_w.l(libinit2.o)
    0x080002b6   0x080002b6   0x00000000   Code   RO         2191    .ARM.Collect$$libinit$$00000019  c_w.l(libinit2.o)
    0x080002b6   0x080002b6   0x00000000   Code   RO         2193    .ARM.Collect$$libinit$$0000001B  c_w.l(libinit2.o)
    0x080002b6   0x080002b6   0x00000000   Code   RO         2195    .ARM.Collect$$libinit$$0000001D  c_w.l(libinit2.o)
    0x080002b6   0x080002b6   0x00000000   Code   RO         2197    .ARM.Collect$$libinit$$0000001F  c_w.l(libinit2.o)
    0x080002b6   0x080002b6   0x00000000   Code   RO         2199    .ARM.Collect$$libinit$$00000021  c_w.l(libinit2.o)
    0x080002b6   0x080002b6   0x00000000   Code   RO         2201    .ARM.Collect$$libinit$$00000023  c_w.l(libinit2.o)
    0x080002b6   0x080002b6   0x00000000   Code   RO         2203    .ARM.Collect$$libinit$$00000025  c_w.l(libinit2.o)
    0x080002b6   0x080002b6   0x00000000   Code   RO         2207    .ARM.Collect$$libinit$$0000002C  c_w.l(libinit2.o)
    0x080002b6   0x080002b6   0x00000000   Code   RO         2209    .ARM.Collect$$libinit$$0000002E  c_w.l(libinit2.o)
    0x080002b6   0x080002b6   0x00000000   Code   RO         2211    .ARM.Collect$$libinit$$00000030  c_w.l(libinit2.o)
    0x080002b6   0x080002b6   0x00000000   Code   RO         2213    .ARM.Collect$$libinit$$00000032  c_w.l(libinit2.o)
    0x080002b6   0x080002b6   0x00000002   Code   RO         2214    .ARM.Collect$$libinit$$00000033  c_w.l(libinit2.o)
    0x080002b8   0x080002b8   0x00000002   Code   RO         2452    .ARM.Collect$$libshutdown$$00000000  c_w.l(libshutdown.o)
    0x080002ba   0x080002ba   0x00000000   Code   RO         2406    .ARM.Collect$$libshutdown$$00000002  c_w.l(libshutdown2.o)
    0x080002ba   0x080002ba   0x00000000   Code   RO         2408    .ARM.Collect$$libshutdown$$00000004  c_w.l(libshutdown2.o)
    0x080002ba   0x080002ba   0x00000000   Code   RO         2411    .ARM.Collect$$libshutdown$$00000007  c_w.l(libshutdown2.o)
    0x080002ba   0x080002ba   0x00000000   Code   RO         2414    .ARM.Collect$$libshutdown$$0000000A  c_w.l(libshutdown2.o)
    0x080002ba   0x080002ba   0x00000000   Code   RO         2416    .ARM.Collect$$libshutdown$$0000000C  c_w.l(libshutdown2.o)
    0x080002ba   0x080002ba   0x00000000   Code   RO         2419    .ARM.Collect$$libshutdown$$0000000F  c_w.l(libshutdown2.o)
    0x080002ba   0x080002ba   0x00000002   Code   RO         2420    .ARM.Collect$$libshutdown$$00000010  c_w.l(libshutdown2.o)
    0x080002bc   0x080002bc   0x00000000   Code   RO         2043    .ARM.Collect$$rtentry$$00000000  c_w.l(__rtentry.o)
    0x080002bc   0x080002bc   0x00000000   Code   RO         2248    .ARM.Collect$$rtentry$$00000002  c_w.l(__rtentry2.o)
    0x080002bc   0x080002bc   0x00000006   Code   RO         2260    .ARM.Collect$$rtentry$$00000004  c_w.l(__rtentry4.o)
    0x080002c2   0x080002c2   0x00000000   Code   RO         2250    .ARM.Collect$$rtentry$$00000009  c_w.l(__rtentry2.o)
    0x080002c2   0x080002c2   0x00000004   Code   RO         2251    .ARM.Collect$$rtentry$$0000000A  c_w.l(__rtentry2.o)
    0x080002c6   0x080002c6   0x00000000   Code   RO         2253    .ARM.Collect$$rtentry$$0000000C  c_w.l(__rtentry2.o)
    0x080002c6   0x080002c6   0x00000008   Code   RO         2254    .ARM.Collect$$rtentry$$0000000D  c_w.l(__rtentry2.o)
    0x080002ce   0x080002ce   0x00000002   Code   RO         2386    .ARM.Collect$$rtexit$$00000000  c_w.l(rtexit.o)
    0x080002d0   0x080002d0   0x00000000   Code   RO         2426    .ARM.Collect$$rtexit$$00000002  c_w.l(rtexit2.o)
    0x080002d0   0x080002d0   0x00000004   Code   RO         2427    .ARM.Collect$$rtexit$$00000003  c_w.l(rtexit2.o)
    0x080002d4   0x080002d4   0x00000006   Code   RO         2428    .ARM.Collect$$rtexit$$00000004  c_w.l(rtexit2.o)
    0x080002da   0x080002da   0x00000002   PAD
    0x080002dc   0x080002dc   0x00000040   Code   RO            4    .text               startup_stm32l476xx.o
    0x0800031c   0x0800031c   0x0000005e   Code   RO         1925    .text               c_w.l(h1_alloc.o)
    0x0800037a   0x0800037a   0x0000004e   Code   RO         1927    .text               c_w.l(h1_free.o)
    0x080003c8   0x080003c8   0x000000f0   Code   RO         1983    .text               c_w.l(lludivv7m.o)
    0x080004b8   0x080004b8   0x00000034   Code   RO         1985    .text               c_w.l(vsnprintf.o)
    0x080004ec   0x080004ec   0x0000003e   Code   RO         1989    .text               c_w.l(strlen.o)
    0x0800052a   0x0800052a   0x0000008a   Code   RO         1991    .text               c_w.l(rt_memcpy_v6.o)
    0x080005b4   0x080005b4   0x00000044   Code   RO         1993    .text               c_w.l(rt_memclr.o)
    0x080005f8   0x080005f8   0x0000004e   Code   RO         1995    .text               c_w.l(rt_memclr_w.o)
    0x08000646   0x08000646   0x00000006   Code   RO         1997    .text               c_w.l(heapauxi.o)
    0x0800064c   0x0800064c   0x00000008   Code   RO         2051    .text               c_w.l(rt_heap_descriptor_intlibspace.o)
    0x08000654   0x08000654   0x00000004   Code   RO         2053    .text               c_w.l(hguard.o)
    0x08000658   0x08000658   0x0000008a   Code   RO         2055    .text               c_w.l(init_alloc.o)
    0x080006e2   0x080006e2   0x0000000e   Code   RO         2059    .text               c_w.l(h1_init.o)
    0x080006f0   0x080006f0   0x0000004e   Code   RO         2075    .text               c_w.l(_printf_pad.o)
    0x0800073e   0x0800073e   0x00000024   Code   RO         2077    .text               c_w.l(_printf_truncate.o)
    0x08000762   0x08000762   0x00000052   Code   RO         2079    .text               c_w.l(_printf_str.o)
    0x080007b4   0x080007b4   0x00000078   Code   RO         2081    .text               c_w.l(_printf_dec.o)
    0x0800082c   0x0800082c   0x00000028   Code   RO         2083    .text               c_w.l(_printf_charcount.o)
    0x08000854   0x08000854   0x00000030   Code   RO         2085    .text               c_w.l(_printf_char_common.o)
    0x08000884   0x08000884   0x0000000a   Code   RO         2087    .text               c_w.l(_sputc.o)
    0x0800088e   0x0800088e   0x00000010   Code   RO         2089    .text               c_w.l(_snputc.o)
    0x0800089e   0x0800089e   0x00000002   PAD
    0x080008a0   0x080008a0   0x000000c2   Code   RO         2091    .text               c_w.l(_printf_wctomb.o)
    0x08000962   0x08000962   0x00000002   PAD
    0x08000964   0x08000964   0x0000007c   Code   RO         2094    .text               c_w.l(_printf_longlong_dec.o)
    0x080009e0   0x080009e0   0x00000070   Code   RO         2100    .text               c_w.l(_printf_oct_int_ll.o)
    0x08000a50   0x08000a50   0x00000094   Code   RO         2120    .text               c_w.l(_printf_hex_int_ll_ptr.o)
    0x08000ae4   0x08000ae4   0x0000018e   Code   RO         2140    .text               c_w.l(__printf_flags_ss_wp.o)
    0x08000c72   0x08000c72   0x00000064   Code   RO         2166    .text               c_w.l(rt_memcpy_w.o)
    0x08000cd6   0x08000cd6   0x00000002   PAD
    0x08000cd8   0x08000cd8   0x00000008   Code   RO         2244    .text               c_w.l(libspace.o)
    0x08000ce0   0x08000ce0   0x00000000   Code   RO         2271    .text               c_w.l(maybetermalloc1.o)
    0x08000ce0   0x08000ce0   0x00000034   Code   RO         2273    .text               c_w.l(h1_extend.o)
    0x08000d14   0x08000d14   0x0000008a   Code   RO         2277    .text               c_w.l(lludiv10.o)
    0x08000d9e   0x08000d9e   0x000000b2   Code   RO         2279    .text               c_w.l(_printf_intcommon.o)
    0x08000e50   0x08000e50   0x00000422   Code   RO         2281    .text               c_w.l(_printf_fp_dec.o)
    0x08001272   0x08001272   0x00000002   PAD
    0x08001274   0x08001274   0x00000302   Code   RO         2285    .text               c_w.l(_printf_fp_hex.o)
    0x08001576   0x08001576   0x0000002c   Code   RO         2290    .text               c_w.l(_printf_char.o)
    0x080015a2   0x080015a2   0x0000002c   Code   RO         2292    .text               c_w.l(_printf_wchar.o)
    0x080015ce   0x080015ce   0x00000048   Code   RO         2295    .text               c_w.l(_c16rtomb.o)
    0x08001616   0x08001616   0x0000000e   Code   RO         2297    .text               c_w.l(defsig_rtmem_outer.o)
    0x08001624   0x08001624   0x00000002   Code   RO         2310    .text               c_w.l(use_no_semi.o)
    0x08001626   0x08001626   0x00000000   Code   RO         2312    .text               c_w.l(indicate_semi.o)
    0x08001626   0x08001626   0x0000004a   Code   RO         2313    .text               c_w.l(sys_stackheap_outer.o)
    0x08001670   0x08001670   0x00000010   Code   RO         2315    .text               c_w.l(rt_ctype_table.o)
    0x08001680   0x08001680   0x00000008   Code   RO         2322    .text               c_w.l(rt_locale_intlibspace.o)
    0x08001688   0x08001688   0x00000080   Code   RO         2326    .text               c_w.l(_printf_fp_infnan.o)
    0x08001708   0x08001708   0x000000e4   Code   RO         2328    .text               c_w.l(bigflt0.o)
    0x080017ec   0x080017ec   0x00000012   Code   RO         2358    .text               c_w.l(exit.o)
    0x080017fe   0x080017fe   0x0000000a   Code   RO         2360    .text               c_w.l(defsig_exit.o)
    0x08001808   0x08001808   0x00000050   Code   RO         2366    .text               c_w.l(defsig_rtmem_inner.o)
    0x08001858   0x08001858   0x0000000c   Code   RO         2382    .text               c_w.l(sys_exit.o)
    0x08001864   0x08001864   0x00000032   Code   RO         2399    .text               c_w.l(defsig_general.o)
    0x08001896   0x08001896   0x00000002   PAD
    0x08001898   0x08001898   0x0000007c   Code   RO         2403    .text               c_w.l(strcmpv7em.o)
    0x08001914   0x08001914   0x0000000e   Code   RO         2421    .text               c_w.l(sys_wrch.o)
    0x08001922   0x08001922   0x0000006e   Code   RO         1899    .text.ADS_Read_XY   xpt2046.o
    0x08001990   0x08001990   0x00000002   Code   RO          174    .text.BusFault_Handler  stm32l4xx_it.o
    0x08001992   0x08001992   0x00000002   PAD
    0x08001994   0x08001994   0x0000000c   Code   RO          188    .text.DMA1_Channel5_IRQHandler  stm32l4xx_it.o
    0x080019a0   0x080019a0   0x0000000c   Code   RO          190    .text.DMA1_Channel6_IRQHandler  stm32l4xx_it.o
    0x080019ac   0x080019ac   0x0000000c   Code   RO          200    .text.DMA2_Channel7_IRQHandler  stm32l4xx_it.o
    0x080019b8   0x080019b8   0x0000002a   Code   RO          671    .text.DMA_SetConfig  stm32l4xx_hal_dma.o
    0x080019e2   0x080019e2   0x00000002   Code   RO          180    .text.DebugMon_Handler  stm32l4xx_it.o
    0x080019e4   0x080019e4   0x00000006   Code   RO          186    .text.EXTI0_IRQHandler  stm32l4xx_it.o
    0x080019ea   0x080019ea   0x00000008   Code   RO          198    .text.EXTI15_10_IRQHandler  stm32l4xx_it.o
    0x080019f2   0x080019f2   0x00000006   Code   RO          192    .text.EXTI9_5_IRQHandler  stm32l4xx_it.o
    0x080019f8   0x080019f8   0x00000008   Code   RO           15    .text.Error_Handler  main.o
    0x08001a00   0x08001a00   0x00000044   Code   RO          675    .text.HAL_DMA_Abort  stm32l4xx_hal_dma.o
    0x08001a44   0x08001a44   0x0000004e   Code   RO          677    .text.HAL_DMA_Abort_IT  stm32l4xx_hal_dma.o
    0x08001a92   0x08001a92   0x00000004   Code   RO          689    .text.HAL_DMA_GetError  stm32l4xx_hal_dma.o
    0x08001a96   0x08001a96   0x00000094   Code   RO          681    .text.HAL_DMA_IRQHandler  stm32l4xx_hal_dma.o
    0x08001b2a   0x08001b2a   0x00000002   PAD
    0x08001b2c   0x08001b2c   0x000000bc   Code   RO          665    .text.HAL_DMA_Init  stm32l4xx_hal_dma.o
    0x08001be8   0x08001be8   0x00000066   Code   RO          673    .text.HAL_DMA_Start_IT  stm32l4xx_hal_dma.o
    0x08001c4e   0x08001c4e   0x00000002   PAD
    0x08001c50   0x08001c50   0x00000024   Code   RO          425    .text.HAL_Delay     stm32l4xx_hal.o
    0x08001c74   0x08001c74   0x00000104   Code   RO         1589    .text.HAL_GPIO_EXTI_Callback  key.o
    0x08001d78   0x08001d78   0x00000014   Code   RO          653    .text.HAL_GPIO_EXTI_IRQHandler  stm32l4xx_hal_gpio.o
    0x08001d8c   0x08001d8c   0x000001be   Code   RO          641    .text.HAL_GPIO_Init  stm32l4xx_hal_gpio.o
    0x08001f4a   0x08001f4a   0x0000000a   Code   RO          645    .text.HAL_GPIO_ReadPin  stm32l4xx_hal_gpio.o
    0x08001f54   0x08001f54   0x0000000c   Code   RO          647    .text.HAL_GPIO_WritePin  stm32l4xx_hal_gpio.o
    0x08001f60   0x08001f60   0x0000000c   Code   RO          417    .text.HAL_GetTick   stm32l4xx_hal.o
    0x08001f6c   0x08001f6c   0x0000004a   Code   RO          385    .text.HAL_I2CEx_ConfigAnalogFilter  stm32l4xx_hal_i2c_ex.o
    0x08001fb6   0x08001fb6   0x00000048   Code   RO          387    .text.HAL_I2CEx_ConfigDigitalFilter  stm32l4xx_hal_i2c_ex.o
    0x08001ffe   0x08001ffe   0x00000004   Code   RO          359    .text.HAL_I2C_GetError  stm32l4xx_hal_i2c.o
    0x08002002   0x08002002   0x00000006   Code   RO          355    .text.HAL_I2C_GetState  stm32l4xx_hal_i2c.o
    0x08002008   0x08002008   0x000000a0   Code   RO          219    .text.HAL_I2C_Init  stm32l4xx_hal_i2c.o
    0x080020a8   0x080020a8   0x00000134   Code   RO          237    .text.HAL_I2C_Master_Receive  stm32l4xx_hal_i2c.o
    0x080021dc   0x080021dc   0x00000134   Code   RO          227    .text.HAL_I2C_Master_Transmit  stm32l4xx_hal_i2c.o
    0x08002310   0x08002310   0x000001ca   Code   RO          285    .text.HAL_I2C_Mem_Read  stm32l4xx_hal_i2c.o
    0x080024da   0x080024da   0x00000002   PAD
    0x080024dc   0x080024dc   0x0000006c   Code   RO           45    .text.HAL_I2C_MspInit  i2c.o
    0x08002548   0x08002548   0x00000014   Code   RO          415    .text.HAL_IncTick   stm32l4xx_hal.o
    0x0800255c   0x0800255c   0x0000001c   Code   RO          405    .text.HAL_Init      stm32l4xx_hal.o
    0x08002578   0x08002578   0x00000044   Code   RO          407    .text.HAL_InitTick  stm32l4xx_hal.o
    0x080025bc   0x080025bc   0x00000030   Code   RO          211    .text.HAL_MspInit   stm32l4xx_hal_msp.o
    0x080025ec   0x080025ec   0x00000024   Code   RO          838    .text.HAL_NVIC_DisableIRQ  stm32l4xx_hal_cortex.o
    0x08002610   0x08002610   0x0000001c   Code   RO          836    .text.HAL_NVIC_EnableIRQ  stm32l4xx_hal_cortex.o
    0x0800262c   0x0800262c   0x00000038   Code   RO          832    .text.HAL_NVIC_SetPriority  stm32l4xx_hal_cortex.o
    0x08002664   0x08002664   0x00000020   Code   RO          830    .text.HAL_NVIC_SetPriorityGrouping  stm32l4xx_hal_cortex.o
    0x08002684   0x08002684   0x00000068   Code   RO          742    .text.HAL_PWREx_ControlVoltageScaling  stm32l4xx_hal_pwr_ex.o
    0x080026ec   0x080026ec   0x0000000c   Code   RO          740    .text.HAL_PWREx_GetVoltageRange  stm32l4xx_hal_pwr_ex.o
    0x080026f8   0x080026f8   0x0000035e   Code   RO          523    .text.HAL_RCCEx_PeriphCLKConfig  stm32l4xx_hal_rcc_ex.o
    0x08002a56   0x08002a56   0x00000002   PAD
    0x08002a58   0x08002a58   0x00000158   Code   RO          493    .text.HAL_RCC_ClockConfig  stm32l4xx_hal_rcc.o
    0x08002bb0   0x08002bb0   0x00000018   Code   RO          499    .text.HAL_RCC_GetPCLK1Freq  stm32l4xx_hal_rcc.o
    0x08002bc8   0x08002bc8   0x00000024   Code   RO          501    .text.HAL_RCC_GetPCLK2Freq  stm32l4xx_hal_rcc.o
    0x08002bec   0x08002bec   0x000000a0   Code   RO          491    .text.HAL_RCC_GetSysClockFreq  stm32l4xx_hal_rcc.o
    0x08002c8c   0x08002c8c   0x00000568   Code   RO          487    .text.HAL_RCC_OscConfig  stm32l4xx_hal_rcc.o
    0x080031f4   0x080031f4   0x0000008c   Code   RO         1073    .text.HAL_RTC_Init  stm32l4xx_hal_rtc.o
    0x08003280   0x08003280   0x00000020   Code   RO          133    .text.HAL_RTC_MspInit  rtc.o
    0x080032a0   0x080032a0   0x00000030   Code   RO         1121    .text.HAL_RTC_WaitForSynchro  stm32l4xx_hal_rtc.o
    0x080032d0   0x080032d0   0x00000028   Code   RO          844    .text.HAL_SYSTICK_Config  stm32l4xx_hal_cortex.o
    0x080032f8   0x080032f8   0x00000094   Code   RO         1528    .text.HAL_TIMEx_MasterConfigSynchronization  stm32l4xx_hal_tim_ex.o
    0x0800338c   0x0800338c   0x00000060   Code   RO         1215    .text.HAL_TIM_Base_Init  stm32l4xx_hal_tim.o
    0x080033ec   0x080033ec   0x0000004c   Code   RO          150    .text.HAL_TIM_Base_MspInit  tim.o
    0x08003438   0x08003438   0x000000f8   Code   RO         1407    .text.HAL_TIM_ConfigClockSource  stm32l4xx_hal_tim.o
    0x08003530   0x08003530   0x00000002   Code   RO          994    .text.HAL_UARTEx_RxEventCallback  stm32l4xx_hal_uart.o
    0x08003532   0x08003532   0x00000002   Code   RO         1045    .text.HAL_UARTEx_WakeupCallback  stm32l4xx_hal_uart_ex.o
    0x08003534   0x08003534   0x00000092   Code   RO          956    .text.HAL_UART_DMAStop  stm32l4xx_hal_uart.o
    0x080035c6   0x080035c6   0x00000002   Code   RO          992    .text.HAL_UART_ErrorCallback  stm32l4xx_hal_uart.o
    0x080035c8   0x080035c8   0x000002bc   Code   RO          988    .text.HAL_UART_IRQHandler  stm32l4xx_hal_uart.o
    0x08003884   0x08003884   0x00000060   Code   RO          904    .text.HAL_UART_Init  stm32l4xx_hal_uart.o
    0x080038e4   0x080038e4   0x000001ac   Code   RO           64    .text.HAL_UART_MspInit  usart.o
    0x08003a90   0x08003a90   0x00000058   Code   RO          948    .text.HAL_UART_Receive_DMA  stm32l4xx_hal_uart.o
    0x08003ae8   0x08003ae8   0x00000002   Code   RO         1000    .text.HAL_UART_RxCpltCallback  stm32l4xx_hal_uart.o
    0x08003aea   0x08003aea   0x00000002   Code   RO         1002    .text.HAL_UART_RxHalfCpltCallback  stm32l4xx_hal_uart.o
    0x08003aec   0x08003aec   0x00000002   Code   RO          996    .text.HAL_UART_TxCpltCallback  stm32l4xx_hal_uart.o
    0x08003aee   0x08003aee   0x00000002   PAD
    0x08003af0   0x08003af0   0x00000008   Code   RO         1664    .text.HDC1000_IO_Init  hdc1000.o
    0x08003af8   0x08003af8   0x00000032   Code   RO         1668    .text.HDC1000_Init  hdc1000.o
    0x08003b2a   0x08003b2a   0x00000002   PAD
    0x08003b2c   0x08003b2c   0x0000009e   Code   RO         1672    .text.HDC1000_Read_Buffer  hdc1000.o
    0x08003bca   0x08003bca   0x00000016   Code   RO         1670    .text.HDC1000_Read_Temper  hdc1000.o
    0x08003be0   0x08003be0   0x0000005c   Code   RO         1684    .text.HDC1000_Write_Buffer  hdc1000.o
    0x08003c3c   0x08003c3c   0x00000002   Code   RO          170    .text.HardFault_Handler  stm32l4xx_it.o
    0x08003c3e   0x08003c3e   0x0000001c   Code   RO          243    .text.I2C_Flush_TXDR  stm32l4xx_hal_i2c.o
    0x08003c5a   0x08003c5a   0x00000002   PAD
    0x08003c5c   0x08003c5c   0x0000010c   Code   RO          375    .text.I2C_IsErrorOccurred  stm32l4xx_hal_i2c.o
    0x08003d68   0x08003d68   0x0000002c   Code   RO          231    .text.I2C_TransferConfig  stm32l4xx_hal_i2c.o
    0x08003d94   0x08003d94   0x00000060   Code   RO          229    .text.I2C_WaitOnFlagUntilTimeout  stm32l4xx_hal_i2c.o
    0x08003df4   0x08003df4   0x00000088   Code   RO          239    .text.I2C_WaitOnRXNEFlagUntilTimeout  stm32l4xx_hal_i2c.o
    0x08003e7c   0x08003e7c   0x00000048   Code   RO          235    .text.I2C_WaitOnSTOPFlagUntilTimeout  stm32l4xx_hal_i2c.o
    0x08003ec4   0x08003ec4   0x0000004e   Code   RO          233    .text.I2C_WaitOnTXISFlagUntilTimeout  stm32l4xx_hal_i2c.o
    0x08003f12   0x08003f12   0x00000002   PAD
    0x08003f14   0x08003f14   0x00000040   Code   RO         1666    .text.I2Cx_Init     hdc1000.o
    0x08003f54   0x08003f54   0x0000003c   Code   RO         1591    .text.KEY_DO        key.o
    0x08003f90   0x08003f90   0x00000034   Code   RO          106    .text.LPUART1_Clear_IT  usart.o
    0x08003fc4   0x08003fc4   0x00000014   Code   RO          202    .text.LPUART1_IRQHandler  stm32l4xx_it.o
    0x08003fd8   0x08003fd8   0x000000e0   Code   RO         1576    .text.LoRaWAN_Borad_Info_Print  app.o
    0x080040b8   0x080040b8   0x00000178   Code   RO         1574    .text.LoRaWAN_Func_Process  app.o
    0x08004230   0x08004230   0x00000008   Code   RO         1730    .text.MMA8451_IO_Init  mma8451.o
    0x08004238   0x08004238   0x00000064   Code   RO         1728    .text.MMA8451_Init  mma8451.o
    0x0800429c   0x0800429c   0x0000004e   Code   RO         1732    .text.MMA8451_Read_Buffer  mma8451.o
    0x080042ea   0x080042ea   0x00000002   PAD
    0x080042ec   0x080042ec   0x00000044   Code   RO         1734    .text.MMA8451_Write_Buffer  mma8451.o
    0x08004330   0x08004330   0x00000008   Code   RO         1759    .text.MPL3115_IO_Init  mpl3115.o
    0x08004338   0x08004338   0x0000001a   Code   RO         1757    .text.MPL3115_Init  mpl3115.o
    0x08004352   0x08004352   0x00000056   Code   RO         1753    .text.MPL3115_SetMode  mpl3115.o
    0x080043a8   0x080043a8   0x0000004c   Code   RO         1755    .text.MPL3115_Write_Buffer  mpl3115.o
    0x080043f4   0x080043f4   0x0000005c   Code   RO           34    .text.MX_DMA_Init   dma.o
    0x08004450   0x08004450   0x00000226   Code   RO           25    .text.MX_GPIO_Init  gpio.o
    0x08004676   0x08004676   0x00000002   PAD
    0x08004678   0x08004678   0x00000058   Code   RO           43    .text.MX_I2C1_Init  i2c.o
    0x080046d0   0x080046d0   0x00000038   Code   RO           58    .text.MX_LPUART1_UART_Init  usart.o
    0x08004708   0x08004708   0x00000034   Code   RO          131    .text.MX_RTC_Init   rtc.o
    0x0800473c   0x0800473c   0x00000068   Code   RO          148    .text.MX_TIM15_Init  tim.o
    0x080047a4   0x080047a4   0x00000044   Code   RO          146    .text.MX_TIM6_Init  tim.o
    0x080047e8   0x080047e8   0x0000003c   Code   RO           60    .text.MX_USART1_UART_Init  usart.o
    0x08004824   0x08004824   0x0000003c   Code   RO           62    .text.MX_USART2_UART_Init  usart.o
    0x08004860   0x08004860   0x00000002   Code   RO          172    .text.MemManage_Handler  stm32l4xx_it.o
    0x08004862   0x08004862   0x00000002   Code   RO          168    .text.NMI_Handler   stm32l4xx_it.o
    0x08004864   0x08004864   0x0000004c   Code   RO         1607    .text.Node_Hard_Reset  lorawan_node_driver.o
    0x080048b0   0x080048b0   0x00000008   Code   RO         1789    .text.OPT3001_IO_Init  opt3001.o
    0x080048b8   0x080048b8   0x0000003c   Code   RO         1787    .text.OPT3001_Init  opt3001.o
    0x080048f4   0x080048f4   0x0000007c   Code   RO         1793    .text.OPT3001_Read_Buffer  opt3001.o
    0x08004970   0x08004970   0x00000030   Code   RO         1807    .text.OPT3001_Write_Buffer  opt3001.o
    0x080049a0   0x080049a0   0x00000002   Code   RO          182    .text.PendSV_Handler  stm32l4xx_it.o
    0x080049a2   0x080049a2   0x00000002   PAD
    0x080049a4   0x080049a4   0x0000011c   Code   RO          525    .text.RCCEx_PLLSAI1_Config  stm32l4xx_hal_rcc_ex.o
    0x08004ac0   0x08004ac0   0x00000108   Code   RO          527    .text.RCCEx_PLLSAI2_Config  stm32l4xx_hal_rcc_ex.o
    0x08004bc8   0x08004bc8   0x00000084   Code   RO          489    .text.RCC_SetFlashLatencyFromMSIRange  stm32l4xx_hal_rcc.o
    0x08004c4c   0x08004c4c   0x00000042   Code   RO         1077    .text.RTC_EnterInitMode  stm32l4xx_hal_rtc.o
    0x08004c8e   0x08004c8e   0x00000002   PAD
    0x08004c90   0x08004c90   0x00000050   Code   RO         1079    .text.RTC_ExitInitMode  stm32l4xx_hal_rtc.o
    0x08004ce0   0x08004ce0   0x00000026   Code   RO         1901    .text.Read_ADS      xpt2046.o
    0x08004d06   0x08004d06   0x00000072   Code   RO         1903    .text.Read_ADS2     xpt2046.o
    0x08004d78   0x08004d78   0x00000002   Code   RO          178    .text.SVC_Handler   stm32l4xx_it.o
    0x08004d7a   0x08004d7a   0x00000004   Code   RO          184    .text.SysTick_Handler  stm32l4xx_it.o
    0x08004d7e   0x08004d7e   0x00000002   PAD
    0x08004d80   0x08004d80   0x000000b4   Code   RO           13    .text.SystemClock_Config  main.o
    0x08004e34   0x08004e34   0x00000010   Code   RO         1558    .text.SystemInit    system_stm32l4xx.o
    0x08004e44   0x08004e44   0x000000c8   Code   RO         1219    .text.TIM_Base_SetConfig  stm32l4xx_hal_tim.o
    0x08004f0c   0x08004f0c   0x00000022   Code   RO         1409    .text.TIM_TI1_ConfigInputStage  stm32l4xx_hal_tim.o
    0x08004f2e   0x08004f2e   0x00000022   Code   RO         1411    .text.TIM_TI2_ConfigInputStage  stm32l4xx_hal_tim.o
    0x08004f50   0x08004f50   0x000000aa   Code   RO          910    .text.UART_AdvFeatureConfig  stm32l4xx_hal_uart.o
    0x08004ffa   0x08004ffa   0x00000060   Code   RO          912    .text.UART_CheckIdleState  stm32l4xx_hal_uart.o
    0x0800505a   0x0800505a   0x00000010   Code   RO          990    .text.UART_DMAAbortOnError  stm32l4xx_hal_uart.o
    0x0800506a   0x0800506a   0x00000052   Code   RO          946    .text.UART_DMAError  stm32l4xx_hal_uart.o
    0x080050bc   0x080050bc   0x0000007c   Code   RO         1030    .text.UART_DMAReceiveCplt  stm32l4xx_hal_uart.o
    0x08005138   0x08005138   0x00000016   Code   RO         1032    .text.UART_DMARxHalfCplt  stm32l4xx_hal_uart.o
    0x0800514e   0x0800514e   0x0000004e   Code   RO          960    .text.UART_EndRxTransfer  stm32l4xx_hal_uart.o
    0x0800519c   0x0800519c   0x0000001a   Code   RO          958    .text.UART_EndTxTransfer  stm32l4xx_hal_uart.o
    0x080051b6   0x080051b6   0x00000002   PAD
    0x080051b8   0x080051b8   0x000001e4   Code   RO          908    .text.UART_SetConfig  stm32l4xx_hal_uart.o
    0x0800539c   0x0800539c   0x0000009c   Code   RO          950    .text.UART_Start_Receive_DMA  stm32l4xx_hal_uart.o
    0x08005438   0x08005438   0x000000cc   Code   RO          926    .text.UART_WaitOnFlagUntilTimeout  stm32l4xx_hal_uart.o
    0x08005504   0x08005504   0x0000000c   Code   RO          194    .text.USART1_IRQHandler  stm32l4xx_it.o
    0x08005510   0x08005510   0x00000038   Code   RO           84    .text.USART2_Clear_IT  usart.o
    0x08005548   0x08005548   0x00000014   Code   RO          196    .text.USART2_IRQHandler  stm32l4xx_it.o
    0x0800555c   0x0800555c   0x00000002   Code   RO          176    .text.UsageFault_Handler  stm32l4xx_it.o
    0x0800555e   0x0800555e   0x00000002   PAD
    0x08005560   0x08005560   0x0000007c   Code   RO         1895    .text.XPT2046_read  xpt2046.o
    0x080055dc   0x080055dc   0x00000038   Code   RO         1893    .text.XPT2046_write  xpt2046.o
    0x08005614   0x08005614   0x00000024   Code   RO          834    .text.__NVIC_SetPriority  stm32l4xx_hal_cortex.o
    0x08005638   0x08005638   0x0000003c   Code   RO          112    .text.debug_printf  usart.o
    0x08005674   0x08005674   0x00000018   Code   RO         1872    .text.delay_10ms    st7789v.o
    0x0800568c   0x0800568c   0x0000002e   Code   RO         1824    .text.find_string   common.o
    0x080056ba   0x080056ba   0x00000002   PAD
    0x080056bc   0x080056bc   0x00000028   Code   RO         1627    .text.handle_cmd_return_data  lorawan_node_driver.o
    0x080056e4   0x080056e4   0x00000046   Code   RO         1828    .text.htoi          common.o
    0x0800572a   0x0800572a   0x00000026   Code   RO         1822    .text.lower2upper_and_remove_spaces  common.o
    0x08005750   0x08005750   0x00000040   Code   RO          104    .text.lpusart1_receive_idle  usart.o
    0x08005790   0x08005790   0x00000018   Code   RO           98    .text.lpusart1_send_byte  usart.o
    0x080057a8   0x080057a8   0x00000016   Code   RO          100    .text.lpusart1_send_data  usart.o
    0x080057be   0x080057be   0x00000012   Code   RO          102    .text.lpusart1_send_string  usart.o
    0x080057d0   0x080057d0   0x00000062   Code   RO           11    .text.main          main.o
    0x08005832   0x08005832   0x00000072   Code   RO         1826    .text.match_string  common.o
    0x080058a4   0x080058a4   0x000002ea   Code   RO         1621    .text.nodeDataCommunicate  lorawan_node_driver.o
    0x08005b8e   0x08005b8e   0x00000004   Code   RO         1603    .text.nodeGpioConfig  lorawan_node_driver.o
    0x08005b92   0x08005b92   0x00000004   Code   RO         1615    .text.nodeJoinNet   lorawan_node_driver.o
    0x08005b96   0x08005b96   0x00000002   PAD
    0x08005b98   0x08005b98   0x00000028   Code   RO         1625    .text.nodePinBusyStatusHolding  lorawan_node_driver.o
    0x08005bc0   0x08005bc0   0x00000028   Code   RO         1619    .text.nodeResetJoin  lorawan_node_driver.o
    0x08005be8   0x08005be8   0x00000116   Code   RO         1617    .text.node_block_join  lorawan_node_driver.o
    0x08005cfe   0x08005cfe   0x00000002   PAD
    0x08005d00   0x08005d00   0x00000018   Code   RO         1623    .text.node_gpio_read  lorawan_node_driver.o
    0x08005d18   0x08005d18   0x0000007c   Code   RO         1605    .text.node_gpio_set  lorawan_node_driver.o
    0x08005d94   0x08005d94   0x00000016   Code   RO         1818    .text.system_delay_ms  common.o
    0x08005daa   0x08005daa   0x00000002   PAD
    0x08005dac   0x08005dac   0x00000044   Code   RO         1820    .text.time_out_break_ms  common.o
    0x08005df0   0x08005df0   0x000000e4   Code   RO         1613    .text.transfer_inquire_command  lorawan_node_driver.o
    0x08005ed4   0x08005ed4   0x00000044   Code   RO           86    .text.usart2_receive_idle  usart.o
    0x08005f18   0x08005f18   0x00000014   Code   RO           74    .text.usart2_send_byte  usart.o
    0x08005f2c   0x08005f2c   0x00000016   Code   RO           76    .text.usart2_send_data  usart.o
    0x08005f42   0x08005f42   0x00000002   PAD
    0x08005f44   0x08005f44   0x00000020   Code   RO           78    .text.usart2_send_string  usart.o
    0x08005f64   0x08005f64   0x0000003e   Code   RO         2331    CL$$btod_d2e        c_w.l(btod.o)
    0x08005fa2   0x08005fa2   0x00000046   Code   RO         2333    CL$$btod_d2e_denorm_low  c_w.l(btod.o)
    0x08005fe8   0x08005fe8   0x00000060   Code   RO         2332    CL$$btod_d2e_norm_op1  c_w.l(btod.o)
    0x08006048   0x08006048   0x00000338   Code   RO         2341    CL$$btod_div_common  c_w.l(btod.o)
    0x08006380   0x08006380   0x000000dc   Code   RO         2338    CL$$btod_e2e        c_w.l(btod.o)
    0x0800645c   0x0800645c   0x0000002a   Code   RO         2335    CL$$btod_ediv       c_w.l(btod.o)
    0x08006486   0x08006486   0x0000002a   Code   RO         2334    CL$$btod_emul       c_w.l(btod.o)
    0x080064b0   0x080064b0   0x00000244   Code   RO         2340    CL$$btod_mult_common  c_w.l(btod.o)
    0x080066f4   0x080066f4   0x00000030   Code   RO         2380    i.__ARM_fpclassify  m_wm.l(fpclassify.o)
    0x08006724   0x08006724   0x0000000e   Code   RO         2133    i._is_digit         c_w.l(__printf_wp.o)
    0x08006732   0x08006732   0x00000002   PAD
    0x08006734   0x08006734   0x0000002c   Code   RO         2356    locale$$code        c_w.l(lc_numeric_c.o)
    0x08006760   0x08006760   0x0000002c   Code   RO         2395    locale$$code        c_w.l(lc_ctype_c.o)
    0x0800678c   0x0800678c   0x0000001a   Code   RO         2308    x$fpl$fpinit        fz_wm.l(fpinit.o)
    0x080067a6   0x080067a6   0x00000004   Code   RO         2231    x$fpl$printf1       fz_wm.l(printf1.o)
    0x080067aa   0x080067aa   0x00000004   Code   RO         2233    x$fpl$printf2       fz_wm.l(printf2.o)
    0x080067ae   0x080067ae   0x00000000   Code   RO         2239    x$fpl$usenofp       fz_wm.l(usenofp.o)
    0x080067ae   0x080067ae   0x00000002   PAD
    0x080067b0   0x080067b0   0x00000008   Data   RO         2092    .constdata          c_w.l(_printf_wctomb.o)
    0x080067b8   0x080067b8   0x00000028   Data   RO         2121    .constdata          c_w.l(_printf_hex_int_ll_ptr.o)
    0x080067e0   0x080067e0   0x00000011   Data   RO         2141    .constdata          c_w.l(__printf_flags_ss_wp.o)
    0x080067f1   0x080067f1   0x00000026   Data   RO         2286    .constdata          c_w.l(_printf_fp_hex.o)
    0x08006817   0x08006817   0x00000001   PAD
    0x08006818   0x08006818   0x00000094   Data   RO         2329    .constdata          c_w.l(bigflt0.o)
    0x080068ac   0x080068ac   0x00000010   Data   RO         1563    .rodata.AHBPrescTable  system_stm32l4xx.o
    0x080068bc   0x080068bc   0x00000008   Data   RO         1564    .rodata.APBPrescTable  system_stm32l4xx.o
    0x080068c4   0x080068c4   0x00000030   Data   RO         1565    .rodata.MSIRangeTable  system_stm32l4xx.o
    0x080068f4   0x080068f4   0x00000010   Data   RO         1034    .rodata.cst16       stm32l4xx_hal_uart.o
    0x08006904   0x08006904   0x0000007b   Data   RO         1580    .rodata.str1.1      app.o
    0x0800697f   0x0800697f   0x0000011b   Data   RO         1631    .rodata.str1.1      lorawan_node_driver.o
    0x08006a9a   0x08006a9a   0x00000002   PAD
    0x08006a9c   0x08006a9c   0x00000020   Data   RO         2454    Region$$Table       anon$$obj.o
    0x08006abc   0x08006abc   0x0000001c   Data   RO         2355    locale$$data        c_w.l(lc_numeric_c.o)
    0x08006ad8   0x08006ad8   0x00000110   Data   RO         2394    locale$$data        c_w.l(lc_ctype_c.o)


    Execution Region RW_IRAM2 (Exec base: 0x10000000, Load base: 0x08006c08, Size: 0x00000000, Max: 0x00008000, ABSOLUTE)

    **** No section assigned to this execution region ****


    Execution Region RW_IRAM1 (Exec base: 0x20000000, Load base: 0x08006be8, Size: 0x00001410, Max: 0x00018000, ABSOLUTE)

    Exec Addr    Load Addr    Size         Type   Attr      Idx    E Section Name        Object

    0x20000000   0x08006be8   0x00000008   Data   RW          476    .data..L_MergedGlobals  stm32l4xx_hal.o
    0x20000008   0x08006bf0   0x00000004   Data   RW         1594    .data.App_Key_str   key.o
    0x2000000c   0x08006bf4   0x00000004   Data   RW         1832    .data.Device_Mode_str  common.o
    0x20000010   0x08006bf8   0x00000001   Data   RW         1909    .data.LCD_EN        xpt2046.o
    0x20000011   0x08006bf9   0x00000001   Data   RW         1579    .data.LoRaWAN_Func_Process.dev_stat  app.o
    0x20000012   0x08006bfa   0x00000002   PAD
    0x20000014   0x08006bfc   0x00000004   Data   RW         1562    .data.SystemCoreClock  system_stm32l4xx.o
    0x20000018   0x08006c00   0x00000001   Data   RW         1831    .data.device_mode   common.o
    0x20000019   0x08006c01   0x00000001   Data   RW         1830    .data.timeout_start_flag  common.o
    0x2000001a   0x08006c02   0x00000006   PAD
    0x20000020        -       0x00000060   Zero   RW         2245    .bss                c_w.l(libspace.o)
    0x20000080        -       0x00000003   Zero   RW         1633    .bss..L_MergedGlobals  lorawan_node_driver.o
    0x20000083        -       0x00000002   Zero   RW         1593    .bss.App_Key        key.o
    0x20000085        -       0x00000001   Zero   RW         1654    .bss.Error_num      sensors_test.o
    0x20000086        -       0x00000404   Zero   RW          122    .bss.LPUsart1_RX    usart.o
    0x2000048a   0x08006c02   0x00000002   PAD
    0x2000048c        -       0x00000018   Zero   RW         1910    .bss.Pen_Point      xpt2046.o
    0x200004a4        -       0x00000404   Zero   RW          120    .bss.Usart2_RX      usart.o
    0x200008a8        -       0x00000096   Zero   RW         1632    .bss.handle_cmd_return_data.inquire_return_data  lorawan_node_driver.o
    0x2000093e   0x08006c02   0x00000002   PAD
    0x20000940        -       0x00000054   Zero   RW         1686    .bss.hdc1000        hdc1000.o
    0x20000994        -       0x00000048   Zero   RW          117    .bss.hdma_lpuart_rx  usart.o
    0x200009dc        -       0x00000048   Zero   RW          118    .bss.hdma_usart1_rx  usart.o
    0x20000a24        -       0x00000048   Zero   RW          119    .bss.hdma_usart2_rx  usart.o
    0x20000a6c        -       0x00000054   Zero   RW           49    .bss.hi2c1          i2c.o
    0x20000ac0        -       0x00000084   Zero   RW          114    .bss.hlpuart1       usart.o
    0x20000b44        -       0x00000024   Zero   RW          137    .bss.hrtc           rtc.o
    0x20000b68        -       0x0000004c   Zero   RW          159    .bss.htim15         tim.o
    0x20000bb4        -       0x0000004c   Zero   RW          158    .bss.htim6          tim.o
    0x20000c00        -       0x00000084   Zero   RW          115    .bss.huart1         usart.o
    0x20000c84        -       0x00000084   Zero   RW          116    .bss.huart2         usart.o
    0x20000d08        -       0x00000054   Zero   RW         1744    .bss.mma8451        mma8451.o
    0x20000d5c        -       0x00000054   Zero   RW         1777    .bss.mpl3115        mpl3115.o
    0x20000db0        -       0x00000054   Zero   RW         1809    .bss.opt3001        opt3001.o
    0x20000e04        -       0x00000004   Zero   RW         1578    .bss.pphead         app.o
    0x20000e08        -       0x00000004   Zero   RW         1833    .bss.time_out_break_ms.start_time  common.o
    0x20000e0c        -       0x00000004   Zero   RW          475    .bss.uwTick         stm32l4xx_hal.o
    0x20000e10        -       0x00000200   Zero   RW            2    HEAP                startup_stm32l476xx.o
    0x20001010        -       0x00000400   Zero   RW            1    STACK               startup_stm32l476xx.o


==============================================================================

Image component sizes


      Code (inc. data)   RO Data    RW Data    ZI Data      Debug   Object Name

       600        312        123          1          4       2040   app.o
       358          4          0          6          4       2925   common.o
        92          4          0          0          0       3418   dma.o
       550         24          0          0          0       4452   gpio.o
       394         28          0          0         84       5684   hdc1000.o
       196         24          0          0         84       5282   i2c.o
       320         28          0          4          2       4084   key.o
      1604        312        283          0        153       8080   lorawan_node_driver.o
       286          4          0          0          0       3181   main.o
       254         20          0          0         84       5895   mma8451.o
       196         12          0          0         84       6829   mpl3115.o
       240         12          0          0         84       5438   opt3001.o
        84         16          0          0         36       3694   rtc.o
         0          0          0          0          1       1813   sensors_test.o
        24          0          0          0          0       9690   st7789v.o
        64         26        392          0       1536        832   startup_stm32l476xx.o
       164         16          0          8          4       8909   stm32l4xx_hal.o
       228         32          0          0          0      10269   stm32l4xx_hal_cortex.o
       630          8          0          0          0       6805   stm32l4xx_hal_dma.o
       488         24          0          0          0       5450   stm32l4xx_hal_gpio.o
      1966         24          0          0          0      37763   stm32l4xx_hal_i2c.o
       146          0          0          0          0       5829   stm32l4xx_hal_i2c_ex.o
        48          4          0          0          0       1552   stm32l4xx_hal_msp.o
       116          8          0          0          0       9357   stm32l4xx_hal_pwr_ex.o
      2080         84          0          0          0       9803   stm32l4xx_hal_rcc.o
      1410         36          0          0          0      12966   stm32l4xx_hal_rcc_ex.o
       334          8          0          0          0      12765   stm32l4xx_hal_rtc.o
       612         40          0          0          0      47234   stm32l4xx_hal_tim.o
       148         20          0          0          0      19981   stm32l4xx_hal_tim_ex.o
      2498        114         16          0          0      27451   stm32l4xx_hal_uart.o
         2          0          0          0          0       7943   stm32l4xx_hal_uart_ex.o
       128         24          0          0          0       1994   stm32l4xx_it.o
        16          4         72          4          0       2908   system_stm32l4xx.o
       248         28          0          0        152       6737   tim.o
      1042         80          0          0       2668      12632   usart.o
       442          4          0          1         24       5491   xpt2046.o

    ----------------------------------------------------------------------
     18050       1384        920         28       5012     327176   Object Totals
         0          0         32          0          0          0   (incl. Generated)
        42          0          2          4          8          0   (incl. Padding)

    ----------------------------------------------------------------------

      Code (inc. data)   RO Data    RW Data    ZI Data      Debug   Library Member Name

         8          0          0          0          0         68   __main.o
       398          4         17          0          0         92   __printf_flags_ss_wp.o
        14          0          0          0          0         68   __printf_wp.o
         0          0          0          0          0          0   __rtentry.o
        12          0          0          0          0          0   __rtentry2.o
         6          0          0          0          0          0   __rtentry4.o
        52          8          0          0          0          0   __scatter.o
        26          0          0          0          0          0   __scatter_copy.o
        28          0          0          0          0          0   __scatter_zi.o
        72          0          0          0          0         96   _c16rtomb.o
         6          0          0          0          0          0   _printf_a.o
         6          0          0          0          0          0   _printf_c.o
        44          0          0          0          0        108   _printf_char.o
        48          6          0          0          0         96   _printf_char_common.o
        40          0          0          0          0         68   _printf_charcount.o
         6          0          0          0          0          0   _printf_d.o
       120         16          0          0          0         92   _printf_dec.o
         6          0          0          0          0          0   _printf_e.o
         6          0          0          0          0          0   _printf_f.o
      1058          0          0          0          0        148   _printf_fp_dec.o
       770          8         38          0          0        100   _printf_fp_hex.o
       128         16          0          0          0         84   _printf_fp_infnan.o
         6          0          0          0          0          0   _printf_g.o
       148          4         40          0          0        160   _printf_hex_int_ll_ptr.o
         6          0          0          0          0          0   _printf_i.o
       178          0          0          0          0         88   _printf_intcommon.o
        10          0          0          0          0          0   _printf_l.o
         6          0          0          0          0          0   _printf_lc.o
        10          0          0          0          0          0   _printf_ll.o
         6          0          0          0          0          0   _printf_lld.o
         6          0          0          0          0          0   _printf_lli.o
         6          0          0          0          0          0   _printf_llo.o
         6          0          0          0          0          0   _printf_llu.o
         6          0          0          0          0          0   _printf_llx.o
       124         16          0          0          0         92   _printf_longlong_dec.o
         6          0          0          0          0          0   _printf_ls.o
         6          0          0          0          0          0   _printf_n.o
         6          0          0          0          0          0   _printf_o.o
       112          8          0          0          0        124   _printf_oct_int_ll.o
         6          0          0          0          0          0   _printf_p.o
        78          0          0          0          0        108   _printf_pad.o
         0          0          0          0          0          0   _printf_percent.o
         4          0          0          0          0          0   _printf_percent_end.o
         6          0          0          0          0          0   _printf_s.o
        82          0          0          0          0         80   _printf_str.o
        36          0          0          0          0         84   _printf_truncate.o
         6          0          0          0          0          0   _printf_u.o
        44          0          0          0          0        108   _printf_wchar.o
       194          6          8          0          0         92   _printf_wctomb.o
         6          0          0          0          0          0   _printf_x.o
        16          0          0          0          0         68   _snputc.o
        10          0          0          0          0         68   _sputc.o
       228          4        148          0          0         96   bigflt0.o
      1936        128          0          0          0        672   btod.o
        10          0          0          0          0         68   defsig_exit.o
        50          0          0          0          0         88   defsig_general.o
        80         58          0          0          0         76   defsig_rtmem_inner.o
        14          0          0          0          0         80   defsig_rtmem_outer.o
        18          0          0          0          0         80   exit.o
        94          0          0          0          0         80   h1_alloc.o
        52          0          0          0          0         68   h1_extend.o
        78          0          0          0          0         80   h1_free.o
        14          0          0          0          0         84   h1_init.o
         6          0          0          0          0        152   heapauxi.o
         4          0          0          0          0        136   hguard.o
         0          0          0          0          0          0   indicate_semi.o
       138          0          0          0          0        168   init_alloc.o
        44         10        272          0          0         76   lc_ctype_c.o
        44         10         28          0          0         76   lc_numeric_c.o
         2          0          0          0          0          0   libinit.o
        42          0          0          0          0          0   libinit2.o
         2          0          0          0          0          0   libshutdown.o
         2          0          0          0          0          0   libshutdown2.o
         8          4          0          0         96         68   libspace.o
       138          0          0          0          0         80   lludiv10.o
       240          0          0          0          0        100   lludivv7m.o
         0          0          0          0          0          0   maybetermalloc1.o
        16          4          0          0          0         76   rt_ctype_table.o
         8          4          0          0          0         68   rt_heap_descriptor_intlibspace.o
         8          4          0          0          0         68   rt_locale_intlibspace.o
        68          0          0          0          0         68   rt_memclr.o
        78          0          0          0          0         80   rt_memclr_w.o
       138          0          0          0          0         68   rt_memcpy_v6.o
       100          0          0          0          0         80   rt_memcpy_w.o
         2          0          0          0          0          0   rtexit.o
        10          0          0          0          0          0   rtexit2.o
       124          0          0          0          0         88   strcmpv7em.o
        62          0          0          0          0         76   strlen.o
        12          4          0          0          0         68   sys_exit.o
        74          0          0          0          0         80   sys_stackheap_outer.o
        14          0          0          0          0         76   sys_wrch.o
         2          0          0          0          0         68   use_no_semi.o
        52          4          0          0          0         80   vsnprintf.o
        26          0          0          0          0        116   fpinit.o
         4          0          0          0          0        116   printf1.o
         4          0          0          0          0        116   printf2.o
         0          0          0          0          0          0   usenofp.o
        48          0          0          0          0        124   fpclassify.o

    ----------------------------------------------------------------------
      8102        326        552          0         96       5936   Library Totals
        18          0          1          0          0          0   (incl. Padding)

    ----------------------------------------------------------------------

      Code (inc. data)   RO Data    RW Data    ZI Data      Debug   Library Name

      8002        326        551          0         96       5464   c_w.l
        34          0          0          0          0        348   fz_wm.l
        48          0          0          0          0        124   m_wm.l

    ----------------------------------------------------------------------
      8102        326        552          0         96       5936   Library Totals

    ----------------------------------------------------------------------

==============================================================================


      Code (inc. data)   RO Data    RW Data    ZI Data      Debug   

     26152       1710       1472         28       5108     329316   Grand Totals
     26152       1710       1472         28       5108     329316   ELF Image Totals
     26152       1710       1472         28          0          0   ROM Totals

==============================================================================

    Total RO  Size (Code + RO Data)                27624 (  26.98kB)
    Total RW  Size (RW Data + ZI Data)              5136 (   5.02kB)
    Total ROM Size (Code + RO Data + RW Data)      27652 (  27.00kB)

==============================================================================

